Archive member included to satisfy reference by file (symbol)

c:\Users\kilkuwu\Documents\code\khkt\sketch\build/core\core.a(cortex_handlers.c.o)
                              (Reset_Handler)
c:\Users\kilkuwu\Documents\code\khkt\sketch\build/core\core.a(delay.c.o)
                              c:\Users\kilkuwu\Documents\code\khkt\sketch\build\sketch\gps.ino.cpp.o (millis)
c:\Users\kilkuwu\Documents\code\khkt\sketch\build/core\core.a(hooks.c.o)
                              c:\Users\kilkuwu\Documents\code\khkt\sketch\build\sketch\gps.ino.cpp.o (yield)
c:\Users\kilkuwu\Documents\code\khkt\sketch\build/core\core.a(startup.c.o)
                              c:\Users\kilkuwu\Documents\code\khkt\sketch\build/core\core.a(cortex_handlers.c.o) (SystemInit)
c:\Users\kilkuwu\Documents\code\khkt\sketch\build/core\core.a(wiring.c.o)
                              c:\Users\kilkuwu\Documents\code\khkt\sketch\build/core\core.a(startup.c.o) (SystemCoreClock)
c:\Users\kilkuwu\Documents\code\khkt\sketch\build/core\core.a(wiring_analog.c.o)
                              c:\Users\kilkuwu\Documents\code\khkt\sketch\build/core\core.a(wiring.c.o) (analogReference)
c:\Users\kilkuwu\Documents\code\khkt\sketch\build/core\core.a(wiring_digital.c.o)
                              c:\Users\kilkuwu\Documents\code\khkt\sketch\build\sketch\gps.ino.cpp.o (pinMode)
c:\Users\kilkuwu\Documents\code\khkt\sketch\build/core\core.a(wiring_private.c.o)
                              c:\Users\kilkuwu\Documents\code\khkt\sketch\build/core\core.a(wiring_analog.c.o) (pinPeripheral)
c:\Users\kilkuwu\Documents\code\khkt\sketch\build/core\core.a(Reset.cpp.o)
                              c:\Users\kilkuwu\Documents\code\khkt\sketch\build/core\core.a(delay.c.o) (tickReset)
c:\Users\kilkuwu\Documents\code\khkt\sketch\build/core\core.a(SERCOM.cpp.o)
                              c:\Users\kilkuwu\Documents\code\khkt\sketch\build\core\variant.cpp.o (SERCOM::SERCOM(Sercom*))
c:\Users\kilkuwu\Documents\code\khkt\sketch\build/core\core.a(CDC.cpp.o)
                              c:\Users\kilkuwu\Documents\code\khkt\sketch\build\sketch\gps.ino.cpp.o (Serial_::begin(unsigned long))
c:\Users\kilkuwu\Documents\code\khkt\sketch\build/core\core.a(USBCore.cpp.o)
                              c:\Users\kilkuwu\Documents\code\khkt\sketch\build/core\core.a(CDC.cpp.o) (usbd)
c:\Users\kilkuwu\Documents\code\khkt\sketch\build/core\core.a(Uart.cpp.o)
                              c:\Users\kilkuwu\Documents\code\khkt\sketch\build\sketch\gps.ino.cpp.o (Uart::begin(unsigned long))
c:\Users\kilkuwu\Documents\code\khkt\sketch\build/core\core.a(PluggableUSB.cpp.o)
                              c:\Users\kilkuwu\Documents\code\khkt\sketch\build/core\core.a(USBCore.cpp.o) (arduino::PluggableUSB_::getInterface(unsigned char*))
c:\Users\kilkuwu\Documents\code\khkt\sketch\build/core\core.a(Print.cpp.o)
                              c:\Users\kilkuwu\Documents\code\khkt\sketch\build/core\core.a(Uart.cpp.o) (arduino::Print::write(unsigned char const*, unsigned int))
c:\Users\kilkuwu\Documents\code\khkt\sketch\build/core\core.a(String.cpp.o)
                              c:\Users\kilkuwu\Documents\code\khkt\sketch\build\sketch\gps.ino.cpp.o (arduino::String::~String())
c:\Users\kilkuwu\Documents\code\khkt\sketch\build/core\core.a(main.cpp.o)
                              c:/users/kilkuwu/appdata/local/arduino15/packages/arduino/tools/arm-none-eabi-gcc/7-2017q4/bin/../lib/gcc/arm-none-eabi/7.2.1/../../../../arm-none-eabi/lib/thumb/v6-m/crt0.o (main)
c:\Users\kilkuwu\Documents\code\khkt\sketch\build/core\core.a(new.cpp.o)
                              c:\Users\kilkuwu\Documents\code\khkt\sketch\build/core\core.a(USBCore.cpp.o) (operator new(unsigned int))
c:\Users\kilkuwu\Documents\code\khkt\sketch\build/core\core.a(dtostrf.c.o)
                              c:\Users\kilkuwu\Documents\code\khkt\sketch\build/core\core.a(String.cpp.o) (dtostrf)
c:\Users\kilkuwu\Documents\code\khkt\sketch\build/core\core.a(itoa.c.o)
                              c:\Users\kilkuwu\Documents\code\khkt\sketch\build/core\core.a(String.cpp.o) (ltoa)
c:\Users\kilkuwu\Documents\code\khkt\sketch\build/core\core.a(abi.cpp.o)
                              c:\Users\kilkuwu\Documents\code\khkt\sketch\build/core\core.a(Print.cpp.o) (__cxa_pure_virtual)
c:/users/kilkuwu/appdata/local/arduino15/packages/arduino/tools/arm-none-eabi-gcc/7-2017q4/bin/../lib/gcc/arm-none-eabi/7.2.1/thumb/v6-m\libgcc.a(_thumb1_case_uqi.o)
                              c:\Users\kilkuwu\Documents\code\khkt\sketch\build/core\core.a(wiring_analog.c.o) (__gnu_thumb1_case_uqi)
c:/users/kilkuwu/appdata/local/arduino15/packages/arduino/tools/arm-none-eabi-gcc/7-2017q4/bin/../lib/gcc/arm-none-eabi/7.2.1/thumb/v6-m\libgcc.a(_udivsi3.o)
                              c:\Users\kilkuwu\Documents\code\khkt\sketch\build/core\core.a(delay.c.o) (__aeabi_uidiv)
[...]
Memory Configuration

Name             Origin             Length             Attributes
FLASH            0x00002000         0x0003e000         xr
RAM              0x20000000         0x00008000         xrw
*default*        0x00000000         0xffffffff

Linker script and memory map

LOAD c:/users/kilkuwu/appdata/local/arduino15/packages/arduino/tools/arm-none-eabi-gcc/7-2017q4/bin/../lib/gcc/arm-none-eabi/7.2.1/thumb/v6-m/crti.o
LOAD c:/users/kilkuwu/appdata/local/arduino15/packages/arduino/tools/arm-none-eabi-gcc/7-2017q4/bin/../lib/gcc/arm-none-eabi/7.2.1/thumb/v6-m/crtbegin.o
LOAD c:/users/kilkuwu/appdata/local/arduino15/packages/arduino/tools/arm-none-eabi-gcc/7-2017q4/bin/../lib/gcc/arm-none-eabi/7.2.1/../../../../arm-none-eabi/lib/thumb/v6-m/crt0.o
LOAD c:\Users\kilkuwu\Documents\code\khkt\sketch\build\sketch\gps.ino.cpp.o
LOAD c:\Users\kilkuwu\Documents\code\khkt\sketch\build\core\variant.cpp.o
START GROUP
LOAD C:\Users\kilkuwu\AppData\Local\Arduino15\packages\arduino\tools\CMSIS\4.5.0/CMSIS/Lib/GCC/\libarm_cortexM0l_math.a
LOAD c:\Users\kilkuwu\Documents\code\khkt\sketch\build/core\core.a
END GROUP
LOAD c:/users/kilkuwu/appdata/local/arduino15/packages/arduino/tools/arm-none-eabi-gcc/7-2017q4/bin/../lib/gcc/arm-none-eabi/7.2.1/../../../../arm-none-eabi/lib/thumb/v6-m\libstdc++_nano.a
LOAD c:/users/kilkuwu/appdata/local/arduino15/packages/arduino/tools/arm-none-eabi-gcc/7-2017q4/bin/../lib/gcc/arm-none-eabi/7.2.1/../../../../arm-none-eabi/lib/thumb/v6-m\libm.a
START GROUP
LOAD c:/users/kilkuwu/appdata/local/arduino15/packages/arduino/tools/arm-none-eabi-gcc/7-2017q4/bin/../lib/gcc/arm-none-eabi/7.2.1/thumb/v6-m\libgcc.a
LOAD c:/users/kilkuwu/appdata/local/arduino15/packages/arduino/tools/arm-none-eabi-gcc/7-2017q4/bin/../lib/gcc/arm-none-eabi/7.2.1/../../../../arm-none-eabi/lib/thumb/v6-m\libc_nano.a
END GROUP
START GROUP
LOAD c:/users/kilkuwu/appdata/local/arduino15/packages/arduino/tools/arm-none-eabi-gcc/7-2017q4/bin/../lib/gcc/arm-none-eabi/7.2.1/thumb/v6-m\libgcc.a
LOAD c:/users/kilkuwu/appdata/local/arduino15/packages/arduino/tools/arm-none-eabi-gcc/7-2017q4/bin/../lib/gcc/arm-none-eabi/7.2.1/../../../../arm-none-eabi/lib/thumb/v6-m\libc_nano.a
LOAD c:/users/kilkuwu/appdata/local/arduino15/packages/arduino/tools/arm-none-eabi-gcc/7-2017q4/bin/../lib/gcc/arm-none-eabi/7.2.1/../../../../arm-none-eabi/lib/thumb/v6-m\libnosys.a
END GROUP
START GROUP
LOAD c:/users/kilkuwu/appdata/local/arduino15/packages/arduino/tools/arm-none-eabi-gcc/7-2017q4/bin/../lib/gcc/arm-none-eabi/7.2.1/thumb/v6-m\libgcc.a
LOAD c:/users/kilkuwu/appdata/local/arduino15/packages/arduino/tools/arm-none-eabi-gcc/7-2017q4/bin/../lib/gcc/arm-none-eabi/7.2.1/../../../../arm-none-eabi/lib/thumb/v6-m\libc_nano.a
LOAD c:/users/kilkuwu/appdata/local/arduino15/packages/arduino/tools/arm-none-eabi-gcc/7-2017q4/bin/../lib/gcc/arm-none-eabi/7.2.1/../../../../arm-none-eabi/lib/thumb/v6-m\libnosys.a
END GROUP
LOAD c:/users/kilkuwu/appdata/local/arduino15/packages/arduino/tools/arm-none-eabi-gcc/7-2017q4/bin/../lib/gcc/arm-none-eabi/7.2.1/thumb/v6-m/crtend.o
LOAD c:/users/kilkuwu/appdata/local/arduino15/packages/arduino/tools/arm-none-eabi-gcc/7-2017q4/bin/../lib/gcc/arm-none-eabi/7.2.1/thumb/v6-m/crtn.o

.text           0x00002000     0x31e8
                0x00002000                __text_start__ = .
 *(.sketch_boot)
                0x00002000                . = ALIGN (0x2000)
 *(.isr_vector)
 .isr_vector    0x00002000       0xb4 c:\Users\kilkuwu\Documents\code\khkt\sketch\build/core\core.a(cortex_handlers.c.o)
                0x00002000                exception_table
 *(.text*)
 .text          0x000020b4       0x48 c:/users/kilkuwu/appdata/local/arduino15/packages/arduino/tools/arm-none-eabi-gcc/7-2017q4/bin/../lib/gcc/arm-none-eabi/7.2.1/thumb/v6-m/crtbegin.o
 .text._Z8sendDataN7arduino6StringEib
                0x000020fc       0x64 c:\Users\kilkuwu\Documents\code\khkt\sketch\build\sketch\gps.ino.cpp.o
                0x000020fc                sendData(arduino::String, int, bool)
 .text._Z16moduleStateCheckv
                0x00002160       0x98 c:\Users\kilkuwu\Documents\code\khkt\sketch\build\sketch\gps.ino.cpp.o
                0x00002160                moduleStateCheck()
 .text.setup    0x000021f8       0xe0 c:\Users\kilkuwu\Documents\code\khkt\sketch\build\sketch\gps.ino.cpp.o
                0x000021f8                setup
 .text.loop     0x000022d8       0x4c c:\Users\kilkuwu\Documents\code\khkt\sketch\build\sketch\gps.ino.cpp.o
                0x000022d8                loop
 .text.SERCOM0_Handler
                0x00002324       0x10 c:\Users\kilkuwu\Documents\code\khkt\sketch\build\core\variant.cpp.o
                0x00002324                SERCOM0_Handler
 .text.SERCOM5_Handler
                0x00002334       0x10 c:\Users\kilkuwu\Documents\code\khkt\sketch\build\core\variant.cpp.o
                0x00002334                SERCOM5_Handler
 .text.startup._GLOBAL__sub_I_g_APinDescription
                0x00002344       0x94 c:\Users\kilkuwu\Documents\code\khkt\sketch\build\core\variant.cpp.o
 .text.Dummy_Handler
                0x000023d8        0x2 c:\Users\kilkuwu\Documents\code\khkt\sketch\build/core\core.a(cortex_handlers.c.o)
                0x000023d8                DMAC_Handler
                0x000023d8                HardFault_Handler
                0x000023d8                AC_Handler
                0x000023d8                PendSV_Handler
                0x000023d8                NMI_Handler
                0x000023d8                TC7_Handler
                0x000023d8                SERCOM1_Handler
                0x000023d8                ADC_Handler
                0x000023d8                TCC1_Handler
                0x000023d8                SERCOM2_Handler
                0x000023d8                TCC0_Handler
                0x000023d8                RTC_Handler
                0x000023d8                EIC_Handler
                0x000023d8                TC6_Handler
                0x000023d8                WDT_Handler
                0x000023d8                TC4_Handler
                0x000023d8                TC3_Handler
                0x000023d8                Dummy_Handler
                0x000023d8                PM_Handler
                0x000023d8                SVC_Handler
                0x000023d8                TCC2_Handler
                0x000023d8                EVSYS_Handler
                0x000023d8                SERCOM3_Handler
                0x000023d8                SERCOM4_Handler
                0x000023d8                I2S_Handler
                0x000023d8                NVMCTRL_Handler
                0x000023d8                DAC_Handler
                0x000023d8                PTC_Handler
                0x000023d8                SYSCTRL_Handler
 *fill*         0x000023da        0x2 
 .text.USB_Handler
                0x000023dc       0x14 c:\Users\kilkuwu\Documents\code\khkt\sketch\build/core\core.a(cortex_handlers.c.o)
                0x000023dc                USB_Handler
 .text.Reset_Handler
                0x000023f0       0x54 c:\Users\kilkuwu\Documents\code\khkt\sketch\build/core\core.a(cortex_handlers.c.o)
                0x000023f0                Reset_Handler
 .text.SysTick_Handler
                0x00002444       0x10 c:\Users\kilkuwu\Documents\code\khkt\sketch\build/core\core.a(cortex_handlers.c.o)
                0x00002444                SysTick_Handler
 .text.USB_SetHandler
                0x00002454        0xc c:\Users\kilkuwu\Documents\code\khkt\sketch\build/core\core.a(cortex_handlers.c.o)
                0x00002454                USB_SetHandler
 .text.millis   0x00002460        0xc c:\Users\kilkuwu\Documents\code\khkt\sketch\build/core\core.a(delay.c.o)
                0x00002460                millis
 .text.micros   0x0000246c       0x60 c:\Users\kilkuwu\Documents\code\khkt\sketch\build/core\core.a(delay.c.o)
                0x0000246c                micros
 .text.delay    0x000024cc       0x30 c:\Users\kilkuwu\Documents\code\khkt\sketch\build/core\core.a(delay.c.o)
                0x000024cc                delay
 .text.resetExternalChip
                0x000024fc        0x2 c:\Users\kilkuwu\Documents\code\khkt\sketch\build/core\core.a(delay.c.o)
                0x000024fc                resetExternalChip
 *fill*         0x000024fe        0x2 
 .text.SysTick_DefaultHandler
                0x00002500       0x14 c:\Users\kilkuwu\Documents\code\khkt\sketch\build/core\core.a(delay.c.o)
                0x00002500                SysTick_DefaultHandler
 .text.__empty  0x00002514        0x2 c:\Users\kilkuwu\Documents\code\khkt\sketch\build/core\core.a(hooks.c.o)
                0x00002514                yield
 .text.__false  0x00002516        0x4 c:\Users\kilkuwu\Documents\code\khkt\sketch\build/core\core.a(hooks.c.o)
                0x00002516                sysTickHook
 *fill*         0x0000251a        0x2 
 .text.SystemInit
                0x0000251c      0x160 c:\Users\kilkuwu\Documents\code\khkt\sketch\build/core\core.a(startup.c.o)
                0x0000251c                SystemInit
 .text.init     0x0000267c       0xf0 c:\Users\kilkuwu\Documents\code\khkt\sketch\build/core\core.a(wiring.c.o)
                0x0000267c                init
 .text.analogReference
                0x0000276c       0x64 c:\Users\kilkuwu\Documents\code\khkt\sketch\build/core\core.a(wiring_analog.c.o)
                0x0000276c                analogReference
 .text.pinMode  0x000027d0       0x98 c:\Users\kilkuwu\Documents\code\khkt\sketch\build/core\core.a(wiring_digital.c.o)
                0x000027d0                pinMode
 .text.digitalWrite
                0x00002868       0x58 c:\Users\kilkuwu\Documents\code\khkt\sketch\build/core\core.a(wiring_digital.c.o)
                0x00002868                digitalWrite
 .text.pinPeripheral
                0x000028c0       0xc0 c:\Users\kilkuwu\Documents\code\khkt\sketch\build/core\core.a(wiring_private.c.o)
                0x000028c0                pinPeripheral
 .text.initiateReset
                0x00002980       0x14 c:\Users\kilkuwu\Documents\code\khkt\sketch\build/core\core.a(Reset.cpp.o)
                0x00002980                initiateReset
 .text.cancelReset
                0x00002994       0x10 c:\Users\kilkuwu\Documents\code\khkt\sketch\build/core\core.a(Reset.cpp.o)
                0x00002994                cancelReset
 .text.tickReset
                0x000029a4       0x78 c:\Users\kilkuwu\Documents\code\khkt\sketch\build/core\core.a(Reset.cpp.o)
                0x000029a4                tickReset
 .text._ZN6SERCOMC2EP6Sercom
                0x00002a1c        0x8 c:\Users\kilkuwu\Documents\code\khkt\sketch\build/core\core.a(SERCOM.cpp.o)
                0x00002a1c                SERCOM::SERCOM(Sercom*)
                0x00002a1c                SERCOM::SERCOM(Sercom*)
 .text._ZN6SERCOM9initFrameE18SercomUartCharSize15SercomDataOrder16SercomParityMode19SercomNumberStopBit
                0x00002a24       0x3a c:\Users\kilkuwu\Documents\code\khkt\sketch\build/core\core.a(SERCOM.cpp.o)
                0x00002a24                SERCOM::initFrame(SercomUartCharSize, SercomDataOrder, SercomParityMode, SercomNumberStopBit)
 .text._ZN6SERCOM8initPadsE15SercomUartTXPad11SercomRXPad
                0x00002a5e       0x26 c:\Users\kilkuwu\Documents\code\khkt\sketch\build/core\core.a(SERCOM.cpp.o)
                0x00002a5e                SERCOM::initPads(SercomUartTXPad, SercomRXPad)
 .text._ZN6SERCOM9resetUARTEv
                0x00002a84       0x1a c:\Users\kilkuwu\Documents\code\khkt\sketch\build/core\core.a(SERCOM.cpp.o)
                0x00002a84                SERCOM::resetUART()
 .text._ZN6SERCOM10enableUARTEv
                0x00002a9e       0x14 c:\Users\kilkuwu\Documents\code\khkt\sketch\build/core\core.a(SERCOM.cpp.o)
                0x00002a9e                SERCOM::enableUART()
 .text._ZN6SERCOM9flushUARTEv
                0x00002ab2       0x14 c:\Users\kilkuwu\Documents\code\khkt\sketch\build/core\core.a(SERCOM.cpp.o)
                0x00002ab2                SERCOM::flushUART()
 .text._ZN6SERCOM15clearStatusUARTEv
                0x00002ac6        0x8 c:\Users\kilkuwu\Documents\code\khkt\sketch\build/core\core.a(SERCOM.cpp.o)
                0x00002ac6                SERCOM::clearStatusUART()
 .text._ZN6SERCOM17availableDataUARTEv
                0x00002ace        0xa c:\Users\kilkuwu\Documents\code\khkt\sketch\build/core\core.a(SERCOM.cpp.o)
                0x00002ace                SERCOM::availableDataUART()
 .text._ZN6SERCOM11isUARTErrorEv
                0x00002ad8        0x8 c:\Users\kilkuwu\Documents\code\khkt\sketch\build/core\core.a(SERCOM.cpp.o)
                0x00002ad8                SERCOM::isUARTError()
 .text._ZN6SERCOM20acknowledgeUARTErrorEv
                0x00002ae0        0xe c:\Users\kilkuwu\Documents\code\khkt\sketch\build/core\core.a(SERCOM.cpp.o)
                0x00002ae0                SERCOM::acknowledgeUARTError()
 .text._ZN6SERCOM16isFrameErrorUARTEv
                0x00002aee        0xa c:\Users\kilkuwu\Documents\code\khkt\sketch\build/core\core.a(SERCOM.cpp.o)
                0x00002aee                SERCOM::isFrameErrorUART()
 .text._ZN6SERCOM19clearFrameErrorUARTEv
                0x00002af8        0xc c:\Users\kilkuwu\Documents\code\khkt\sketch\build/core\core.a(SERCOM.cpp.o)
                0x00002af8                SERCOM::clearFrameErrorUART()
 .text._ZN6SERCOM23isDataRegisterEmptyUARTEv
                0x00002b04        0xa c:\Users\kilkuwu\Documents\code\khkt\sketch\build/core\core.a(SERCOM.cpp.o)
                0x00002b04                SERCOM::isDataRegisterEmptyUART()
 .text._ZN6SERCOM12readDataUARTEv
                0x00002b0e        0x8 c:\Users\kilkuwu\Documents\code\khkt\sketch\build/core\core.a(SERCOM.cpp.o)
                0x00002b0e                SERCOM::readDataUART()
 .text._ZN6SERCOM13writeDataUARTEh
                0x00002b16       0x14 c:\Users\kilkuwu\Documents\code\khkt\sketch\build/core\core.a(SERCOM.cpp.o)
                0x00002b16                SERCOM::writeDataUART(unsigned char)
 .text._ZN6SERCOM36enableDataRegisterEmptyInterruptUARTEv
                0x00002b2a        0x8 c:\Users\kilkuwu\Documents\code\khkt\sketch\build/core\core.a(SERCOM.cpp.o)
                0x00002b2a                SERCOM::enableDataRegisterEmptyInterruptUART()
 .text._ZN6SERCOM37disableDataRegisterEmptyInterruptUARTEv
                0x00002b32        0x8 c:\Users\kilkuwu\Documents\code\khkt\sketch\build/core\core.a(SERCOM.cpp.o)
                0x00002b32                SERCOM::disableDataRegisterEmptyInterruptUART()
 *fill*         0x00002b3a        0x2 
 .text._ZN6SERCOM13initClockNVICEv
                0x00002b3c       0xa8 c:\Users\kilkuwu\Documents\code\khkt\sketch\build/core\core.a(SERCOM.cpp.o)
                0x00002b3c                SERCOM::initClockNVIC()
 .text._ZN6SERCOM8initUARTE14SercomUartMode20SercomUartSampleRatem
                0x00002be4       0x6c c:\Users\kilkuwu\Documents\code\khkt\sketch\build/core\core.a(SERCOM.cpp.o)
                0x00002be4                SERCOM::initUART(SercomUartMode, SercomUartSampleRate, unsigned long)
 .text._ZN7Serial_13getDescriptorERN7arduino8USBSetupE
                0x00002c50        0x4 c:\Users\kilkuwu\Documents\code\khkt\sketch\build/core\core.a(CDC.cpp.o)
                0x00002c50                Serial_::getDescriptor(arduino::USBSetup&)
 .text._ZL5utox8mPc
                0x00002c54       0x24 c:\Users\kilkuwu\Documents\code\khkt\sketch\build/core\core.a(CDC.cpp.o)
 .text._ZN7Serial_12getShortNameEPc
                0x00002c78       0x44 c:\Users\kilkuwu\Documents\code\khkt\sketch\build/core\core.a(CDC.cpp.o)
                0x00002c78                Serial_::getShortName(char*)
 .text._ZThn16_N7Serial_12getShortNameEPc
                0x00002cbc       0x10 c:\Users\kilkuwu\Documents\code\khkt\sketch\build/core\core.a(CDC.cpp.o)
                0x00002cbc                non-virtual thunk to Serial_::getShortName(char*)
 .text._ZN7Serial_5beginEm
                0x00002ccc        0x2 c:\Users\kilkuwu\Documents\code\khkt\sketch\build/core\core.a(CDC.cpp.o)
                0x00002ccc                Serial_::begin(unsigned long)
 .text._ZN7Serial_5beginEmt
                0x00002cce        0x2 c:\Users\kilkuwu\Documents\code\khkt\sketch\build/core\core.a(CDC.cpp.o)
                0x00002cce                Serial_::begin(unsigned long, unsigned short)
 .text._ZN7Serial_17availableForWriteEv
                0x00002cd0        0x4 c:\Users\kilkuwu\Documents\code\khkt\sketch\build/core\core.a(CDC.cpp.o)
                0x00002cd0                Serial_::availableForWrite()
 .text._ZN7Serial_5writeEh
                0x00002cd4       0x14 c:\Users\kilkuwu\Documents\code\khkt\sketch\build/core\core.a(CDC.cpp.o)
                0x00002cd4                Serial_::write(unsigned char)
 .text._ZN7Serial_12getInterfaceEPh
                0x00002ce8      0x11c c:\Users\kilkuwu\Documents\code\khkt\sketch\build/core\core.a(CDC.cpp.o)
                0x00002ce8                Serial_::getInterface(unsigned char*)
 .text._ZThn16_N7Serial_12getInterfaceEPh
                0x00002e04       0x10 c:\Users\kilkuwu\Documents\code\khkt\sketch\build/core\core.a(CDC.cpp.o)
                0x00002e04                non-virtual thunk to Serial_::getInterface(unsigned char*)
 .text._ZN7Serial_5setupERN7arduino8USBSetupE
                0x00002e14       0x98 c:\Users\kilkuwu\Documents\code\khkt\sketch\build/core\core.a(CDC.cpp.o)
                0x00002e14                Serial_::setup(arduino::USBSetup&)
 .text._ZThn16_N7Serial_5setupERN7arduino8USBSetupE
                0x00002eac       0x10 c:\Users\kilkuwu\Documents\code\khkt\sketch\build/core\core.a(CDC.cpp.o)
                0x00002eac                non-virtual thunk to Serial_::setup(arduino::USBSetup&)
 .text._ZN7Serial_3endEv
                0x00002ebc       0x14 c:\Users\kilkuwu\Documents\code\khkt\sketch\build/core\core.a(CDC.cpp.o)
                0x00002ebc                Serial_::end()
 .text._ZN7Serial_9availableEv
                0x00002ed0       0x20 c:\Users\kilkuwu\Documents\code\khkt\sketch\build/core\core.a(CDC.cpp.o)
                0x00002ed0                Serial_::available()
 .text._ZN7Serial_5flushEv
                0x00002ef0        0xe c:\Users\kilkuwu\Documents\code\khkt\sketch\build/core\core.a(CDC.cpp.o)
                0x00002ef0                Serial_::flush()
 .text._ZN7Serial_5clearEv
                0x00002efe        0xe c:\Users\kilkuwu\Documents\code\khkt\sketch\build/core\core.a(CDC.cpp.o)
                0x00002efe                Serial_::clear()
 .text._ZN7Serial_5writeEPKhj
                0x00002f0c       0x1e c:\Users\kilkuwu\Documents\code\khkt\sketch\build/core\core.a(CDC.cpp.o)
                0x00002f0c                Serial_::write(unsigned char const*, unsigned int)
 *fill*         0x00002f2a        0x2 
 .text._ZN7Serial_4peekEv
                0x00002f2c       0x1c c:\Users\kilkuwu\Documents\code\khkt\sketch\build/core\core.a(CDC.cpp.o)
                0x00002f2c                Serial_::peek()
 .text._ZN7Serial_4readEv
                0x00002f48       0x24 c:\Users\kilkuwu\Documents\code\khkt\sketch\build/core\core.a(CDC.cpp.o)
                0x00002f48                Serial_::read()
 .text._ZN7Serial_cvbEv
                0x00002f6c       0x28 c:\Users\kilkuwu\Documents\code\khkt\sketch\build/core\core.a(CDC.cpp.o)
                0x00002f6c                Serial_::operator bool()
 .text._ZThn16_N7Serial_13getDescriptorERN7arduino8USBSetupE
                0x00002f94        0x4 c:\Users\kilkuwu\Documents\code\khkt\sketch\build/core\core.a(CDC.cpp.o)
                0x00002f94                non-virtual thunk to Serial_::getDescriptor(arduino::USBSetup&)
 .text._ZN7Serial_14handleEndpointEi
                0x00002f98        0x2 c:\Users\kilkuwu\Documents\code\khkt\sketch\build/core\core.a(CDC.cpp.o)
                0x00002f98                Serial_::handleEndpoint(int)
 *fill*         0x00002f9a        0x2 
 .text._ZN7Serial_C2ER14USBDeviceClass
                0x00002f9c       0x50 c:\Users\kilkuwu\Documents\code\khkt\sketch\build/core\core.a(CDC.cpp.o)
                0x00002f9c                Serial_::Serial_(USBDeviceClass&)
                0x00002f9c                Serial_::Serial_(USBDeviceClass&)
 .text._ZN7Serial_15enableInterruptEv
                0x00002fec       0x30 c:\Users\kilkuwu\Documents\code\khkt\sketch\build/core\core.a(CDC.cpp.o)
                0x00002fec                Serial_::enableInterrupt()
 .text.startup._GLOBAL__sub_I__ZN7Serial_12getInterfaceEPh
                0x0000301c       0x14 c:\Users\kilkuwu\Documents\code\khkt\sketch\build/core\core.a(CDC.cpp.o)
 .text._ZN26DoubleBufferedEPOutHandlerD2Ev
                0x00003030        0x2 c:\Users\kilkuwu\Documents\code\khkt\sketch\build/core\core.a(USBCore.cpp.o)
                0x00003030                DoubleBufferedEPOutHandler::~DoubleBufferedEPOutHandler()
                0x00003030                DoubleBufferedEPOutHandler::~DoubleBufferedEPOutHandler()
 .text._ZN26DoubleBufferedEPOutHandlerD0Ev
                0x00003032        0xc c:\Users\kilkuwu\Documents\code\khkt\sketch\build/core\core.a(USBCore.cpp.o)
                0x00003032                DoubleBufferedEPOutHandler::~DoubleBufferedEPOutHandler()
 *fill*         0x0000303e        0x2 
 .text._ZN14USBDeviceClass6initEPEmm.part.7
                0x00003040       0xc4 c:\Users\kilkuwu\Documents\code\khkt\sketch\build/core\core.a(USBCore.cpp.o)
 .text._ZN7__GuardC2Ev
                0x00003104        0xe c:\Users\kilkuwu\Documents\code\khkt\sketch\build/core\core.a(USBCore.cpp.o)
                0x00003104                __Guard::__Guard()
                0x00003104                __Guard::__Guard()
 .text._ZN7__GuardD2Ev
                0x00003112        0xe c:\Users\kilkuwu\Documents\code\khkt\sketch\build/core\core.a(USBCore.cpp.o)
                0x00003112                __Guard::~__Guard()
                0x00003112                __Guard::~__Guard()
 .text._ZNK26DoubleBufferedEPOutHandler10_availableEv
                0x00003120       0x70 c:\Users\kilkuwu\Documents\code\khkt\sketch\build/core\core.a(USBCore.cpp.o)
                0x00003120                DoubleBufferedEPOutHandler::_available() const
 .text._ZN26DoubleBufferedEPOutHandler7releaseEv
                0x00003190       0x38 c:\Users\kilkuwu\Documents\code\khkt\sketch\build/core\core.a(USBCore.cpp.o)
                0x00003190                DoubleBufferedEPOutHandler::release()
 .text._ZN26DoubleBufferedEPOutHandler14handleEndpointEv
                0x000031c8       0xe2 c:\Users\kilkuwu\Documents\code\khkt\sketch\build/core\core.a(USBCore.cpp.o)
                0x000031c8                DoubleBufferedEPOutHandler::handleEndpoint()
 .text._ZN14USBDeviceClass14SendInterfacesEPm
                0x000032aa       0x20 c:\Users\kilkuwu\Documents\code\khkt\sketch\build/core\core.a(USBCore.cpp.o)
                0x000032aa                USBDeviceClass::SendInterfaces(unsigned long*)
 *fill*         0x000032ca        0x2 
 .text._ZN14USBDeviceClass6attachEv
                0x000032cc       0x34 c:\Users\kilkuwu\Documents\code\khkt\sketch\build/core\core.a(USBCore.cpp.o)
                0x000032cc                USBDeviceClass::attach()
 .text._ZN14USBDeviceClass10setAddressEm
                0x00003300       0x48 c:\Users\kilkuwu\Documents\code\khkt\sketch\build/core\core.a(USBCore.cpp.o)
                0x00003300                USBDeviceClass::setAddress(unsigned long)
 .text._ZN14USBDeviceClass25handleClassInterfaceSetupERN7arduino8USBSetupE
                0x00003348       0x24 c:\Users\kilkuwu\Documents\code\khkt\sketch\build/core\core.a(USBCore.cpp.o)
                0x00003348                USBDeviceClass::handleClassInterfaceSetup(arduino::USBSetup&)
 .text._ZN14USBDeviceClass6initEPEmm
                0x0000336c      0x10c c:\Users\kilkuwu\Documents\code\khkt\sketch\build/core\core.a(USBCore.cpp.o)
                0x0000336c                USBDeviceClass::initEP(unsigned long, unsigned long)
 .text._ZN14USBDeviceClass13initEndpointsEv
                0x00003478       0x24 c:\Users\kilkuwu\Documents\code\khkt\sketch\build/core\core.a(USBCore.cpp.o)
                0x00003478                USBDeviceClass::initEndpoints()
 .text._ZN14USBDeviceClass5clearEm
                0x0000349c       0x38 c:\Users\kilkuwu\Documents\code\khkt\sketch\build/core\core.a(USBCore.cpp.o)
                0x0000349c                USBDeviceClass::clear(unsigned long)
 .text._ZN14USBDeviceClass9availableEm
                0x000034d4       0x2c c:\Users\kilkuwu\Documents\code\khkt\sketch\build/core\core.a(USBCore.cpp.o)
                0x000034d4                USBDeviceClass::available(unsigned long)
 .text._ZN14USBDeviceClass5flushEm
                0x00003500       0x2c c:\Users\kilkuwu\Documents\code\khkt\sketch\build/core\core.a(USBCore.cpp.o)
                0x00003500                USBDeviceClass::flush(unsigned long)
 .text._ZN14USBDeviceClass4recvEmPvm
                0x0000352c       0xdc c:\Users\kilkuwu\Documents\code\khkt\sketch\build/core\core.a(USBCore.cpp.o)
                0x0000352c                USBDeviceClass::recv(unsigned long, void*, unsigned long)
 .text._ZN14USBDeviceClass4recvEm
                0x00003608       0x1c c:\Users\kilkuwu\Documents\code\khkt\sketch\build/core\core.a(USBCore.cpp.o)
                0x00003608                USBDeviceClass::recv(unsigned long)
 .text._ZN14USBDeviceClass14armRecvCtrlOUTEm
                0x00003624       0x5c c:\Users\kilkuwu\Documents\code\khkt\sketch\build/core\core.a(USBCore.cpp.o)
                0x00003624                USBDeviceClass::armRecvCtrlOUT(unsigned long)
 .text._ZN14USBDeviceClass11recvControlEPvm
                0x00003680       0x28 c:\Users\kilkuwu\Documents\code\khkt\sketch\build/core\core.a(USBCore.cpp.o)
                0x00003680                USBDeviceClass::recvControl(void*, unsigned long)
 .text._ZN14USBDeviceClass4sendEmPKvm
                0x000036a8      0x124 c:\Users\kilkuwu\Documents\code\khkt\sketch\build/core\core.a(USBCore.cpp.o)
                0x000036a8                USBDeviceClass::send(unsigned long, void const*, unsigned long)
 .text._ZN14USBDeviceClass7armSendEmPKvm
                0x000037cc       0x48 c:\Users\kilkuwu\Documents\code\khkt\sketch\build/core\core.a(USBCore.cpp.o)
                0x000037cc                USBDeviceClass::armSend(unsigned long, void const*, unsigned long)
 .text._ZN14USBDeviceClass11sendControlEPKvm
                0x00003814       0x54 c:\Users\kilkuwu\Documents\code\khkt\sketch\build/core\core.a(USBCore.cpp.o)
                0x00003814                USBDeviceClass::sendControl(void const*, unsigned long)
 .text._ZN14USBDeviceClass20sendStringDescriptorEPKhm
                0x00003868       0x64 c:\Users\kilkuwu\Documents\code\khkt\sketch\build/core\core.a(USBCore.cpp.o)
                0x00003868                USBDeviceClass::sendStringDescriptor(unsigned char const*, unsigned long)
 .text._ZN14USBDeviceClass17sendConfigurationEm
                0x000038cc       0x80 c:\Users\kilkuwu\Documents\code\khkt\sketch\build/core\core.a(USBCore.cpp.o)
                0x000038cc                USBDeviceClass::sendConfiguration(unsigned long)
 .text._ZN14USBDeviceClass14sendDescriptorERN7arduino8USBSetupE
                0x0000394c       0xd8 c:\Users\kilkuwu\Documents\code\khkt\sketch\build/core\core.a(USBCore.cpp.o)
                0x0000394c                USBDeviceClass::sendDescriptor(arduino::USBSetup&)
 .text._ZN14USBDeviceClass7sendZlpEm
                0x00003a24       0x18 c:\Users\kilkuwu\Documents\code\khkt\sketch\build/core\core.a(USBCore.cpp.o)
                0x00003a24                USBDeviceClass::sendZlp(unsigned long)
 .text._ZN14USBDeviceClass19handleStandardSetupERN7arduino8USBSetupE
                0x00003a3c       0xf0 c:\Users\kilkuwu\Documents\code\khkt\sketch\build/core\core.a(USBCore.cpp.o)
                0x00003a3c                USBDeviceClass::handleStandardSetup(arduino::USBSetup&)
 .text._ZN14USBDeviceClass10ISRHandlerEv
                0x00003b2c      0x150 c:\Users\kilkuwu\Documents\code\khkt\sketch\build/core\core.a(USBCore.cpp.o)
                0x00003b2c                USBDeviceClass::ISRHandler()
 .text.UDD_Handler
                0x00003c7c       0x10 c:\Users\kilkuwu\Documents\code\khkt\sketch\build/core\core.a(USBCore.cpp.o)
                0x00003c7c                UDD_Handler
 .text._ZN7arduino13PluggableUSB_C2Ev
                0x00003c8c       0x10 c:\Users\kilkuwu\Documents\code\khkt\sketch\build/core\core.a(USBCore.cpp.o)
                0x00003c8c                arduino::PluggableUSB_::PluggableUSB_()
                0x00003c8c                arduino::PluggableUSB_::PluggableUSB_()
 .text._Z8epBufferj
                0x00003c9c        0xc c:\Users\kilkuwu\Documents\code\khkt\sketch\build/core\core.a(USBCore.cpp.o)
                0x00003c9c                epBuffer(unsigned int)
 .text._ZN7arduino11RingBufferNILi64EE10store_charEh
                0x00003ca8       0x1c c:\Users\kilkuwu\Documents\code\khkt\sketch\build/core\core.a(USBCore.cpp.o)
                0x00003ca8                arduino::RingBufferN<64>::store_char(unsigned char)
 .text._ZN26DoubleBufferedEPOutHandler5_recvEv
                0x00003cc4      0x15e c:\Users\kilkuwu\Documents\code\khkt\sketch\build/core\core.a(USBCore.cpp.o)
                0x00003cc4                DoubleBufferedEPOutHandler::_recv()
 .text._ZN26DoubleBufferedEPOutHandler9availableEv
                0x00003e22        0xc c:\Users\kilkuwu\Documents\code\khkt\sketch\build/core\core.a(USBCore.cpp.o)
                0x00003e22                DoubleBufferedEPOutHandler::available()
 .text._ZN26DoubleBufferedEPOutHandler4peekEv
                0x00003e2e       0x1c c:\Users\kilkuwu\Documents\code\khkt\sketch\build/core\core.a(USBCore.cpp.o)
                0x00003e2e                DoubleBufferedEPOutHandler::peek()
 .text._ZN26DoubleBufferedEPOutHandler4recvEPvm
                0x00003e4a       0x60 c:\Users\kilkuwu\Documents\code\khkt\sketch\build/core\core.a(USBCore.cpp.o)
                0x00003e4a                DoubleBufferedEPOutHandler::recv(void*, unsigned long)
 *fill*         0x00003eaa        0x2 
 .text.startup._GLOBAL__sub_I_usbd
                0x00003eac       0x10 c:\Users\kilkuwu\Documents\code\khkt\sketch\build/core\core.a(USBCore.cpp.o)
 .text._ZN14USBDeviceClass4initEv
                0x00003ebc      0x18c c:\Users\kilkuwu\Documents\code\khkt\sketch\build/core\core.a(USBCore.cpp.o)
                0x00003ebc                USBDeviceClass::init()
 .text._ZN4UartcvbEv
                0x00004048        0x4 c:\Users\kilkuwu\Documents\code\khkt\sketch\build/core\core.a(Uart.cpp.o)
                0x00004048                Uart::operator bool()
 .text._ZN4Uart5beginEm
                0x0000404c       0x10 c:\Users\kilkuwu\Documents\code\khkt\sketch\build/core\core.a(Uart.cpp.o)
                0x0000404c                Uart::begin(unsigned long)
 .text._ZN4Uart9availableEv
                0x0000405c        0x6 c:\Users\kilkuwu\Documents\code\khkt\sketch\build/core\core.a(Uart.cpp.o)
                0x0000405c                Uart::available()
 .text._ZN4Uart17availableForWriteEv
                0x00004062       0x10 c:\Users\kilkuwu\Documents\code\khkt\sketch\build/core\core.a(Uart.cpp.o)
                0x00004062                Uart::availableForWrite()
 .text._ZN4Uart4peekEv
                0x00004072       0x18 c:\Users\kilkuwu\Documents\code\khkt\sketch\build/core\core.a(Uart.cpp.o)
                0x00004072                Uart::peek()
 .text._ZN4Uart3endEv
                0x0000408a       0x24 c:\Users\kilkuwu\Documents\code\khkt\sketch\build/core\core.a(Uart.cpp.o)
                0x0000408a                Uart::end()
 .text._ZN4Uart5flushEv
                0x000040ae       0x16 c:\Users\kilkuwu\Documents\code\khkt\sketch\build/core\core.a(Uart.cpp.o)
                0x000040ae                Uart::flush()
 .text._ZN4Uart16extractNbStopBitEt
                0x000040c4        0xc c:\Users\kilkuwu\Documents\code\khkt\sketch\build/core\core.a(Uart.cpp.o)
                0x000040c4                Uart::extractNbStopBit(unsigned short)
 .text._ZN4Uart15extractCharSizeEt
                0x000040d0       0x28 c:\Users\kilkuwu\Documents\code\khkt\sketch\build/core\core.a(Uart.cpp.o)
                0x000040d0                Uart::extractCharSize(unsigned short)
 .text._ZN4Uart13extractParityEt
                0x000040f8       0x14 c:\Users\kilkuwu\Documents\code\khkt\sketch\build/core\core.a(Uart.cpp.o)
                0x000040f8                Uart::extractParity(unsigned short)
 .text._ZN4Uart5beginEmt
                0x0000410c       0xf8 c:\Users\kilkuwu\Documents\code\khkt\sketch\build/core\core.a(Uart.cpp.o)
                0x0000410c                Uart::begin(unsigned long, unsigned short)
 .text._ZN7arduino11RingBufferNILi256EEC2Ev
                0x00004204       0x1e c:\Users\kilkuwu\Documents\code\khkt\sketch\build/core\core.a(Uart.cpp.o)
                0x00004204                arduino::RingBufferN<256>::RingBufferN()
                0x00004204                arduino::RingBufferN<256>::RingBufferN()
 *fill*         0x00004222        0x2 
 .text._ZN4UartC2EP6SERCOMhh11SercomRXPad15SercomUartTXPad
                0x00004224       0x74 c:\Users\kilkuwu\Documents\code\khkt\sketch\build/core\core.a(Uart.cpp.o)
                0x00004224                Uart::Uart(SERCOM*, unsigned char, unsigned char, SercomRXPad, SercomUartTXPad)
                0x00004224                Uart::Uart(SERCOM*, unsigned char, unsigned char, SercomRXPad, SercomUartTXPad)
 .text._ZN7arduino15SafeRingBufferNILi256EE10store_charEh
                0x00004298       0x4a c:\Users\kilkuwu\Documents\code\khkt\sketch\build/core\core.a(Uart.cpp.o)
                0x00004298                arduino::SafeRingBufferN<256>::store_char(unsigned char)
 .text._ZN7arduino15SafeRingBufferNILi256EE9read_charEv
                0x000042e2       0x50 c:\Users\kilkuwu\Documents\code\khkt\sketch\build/core\core.a(Uart.cpp.o)
                0x000042e2                arduino::SafeRingBufferN<256>::read_char()
 .text._ZN4Uart10IrqHandlerEv
                0x00004332       0xa4 c:\Users\kilkuwu\Documents\code\khkt\sketch\build/core\core.a(Uart.cpp.o)
                0x00004332                Uart::IrqHandler()
 *fill*         0x000043d6        0x2 
 .text._ZN4Uart5writeEh
                0x000043d8       0x9c c:\Users\kilkuwu\Documents\code\khkt\sketch\build/core\core.a(Uart.cpp.o)
                0x000043d8                Uart::write(unsigned char)
 .text._ZN4Uart4readEv
                0x00004474       0x34 c:\Users\kilkuwu\Documents\code\khkt\sketch\build/core\core.a(Uart.cpp.o)
                0x00004474                Uart::read()
 .text._ZN7arduino13PluggableUSB_12getInterfaceEPh
                0x000044a8       0x28 c:\Users\kilkuwu\Documents\code\khkt\sketch\build/core\core.a(PluggableUSB.cpp.o)
                0x000044a8                arduino::PluggableUSB_::getInterface(unsigned char*)
 .text._ZN7arduino13PluggableUSB_13getDescriptorERNS_8USBSetupE
                0x000044d0       0x20 c:\Users\kilkuwu\Documents\code\khkt\sketch\build/core\core.a(PluggableUSB.cpp.o)
                0x000044d0                arduino::PluggableUSB_::getDescriptor(arduino::USBSetup&)
 .text._ZN7arduino13PluggableUSB_12getShortNameEPc
                0x000044f0       0x1e c:\Users\kilkuwu\Documents\code\khkt\sketch\build/core\core.a(PluggableUSB.cpp.o)
                0x000044f0                arduino::PluggableUSB_::getShortName(char*)
 .text._ZN7arduino13PluggableUSB_5setupERNS_8USBSetupE
                0x0000450e       0x20 c:\Users\kilkuwu\Documents\code\khkt\sketch\build/core\core.a(PluggableUSB.cpp.o)
                0x0000450e                arduino::PluggableUSB_::setup(arduino::USBSetup&)
 .text._ZN7arduino13PluggableUSB_4plugEPNS_18PluggableUSBModuleE
                0x0000452e       0x5c c:\Users\kilkuwu\Documents\code\khkt\sketch\build/core\core.a(PluggableUSB.cpp.o)
                0x0000452e                arduino::PluggableUSB_::plug(arduino::PluggableUSBModule*)
 *fill*         0x0000458a        0x2 
 .text._Z12PluggableUSBv
                0x0000458c       0x24 c:\Users\kilkuwu\Documents\code\khkt\sketch\build/core\core.a(PluggableUSB.cpp.o)
                0x0000458c                PluggableUSB()
 .text._ZN7arduino5Print5writeEPKhj
                0x000045b0       0x28 c:\Users\kilkuwu\Documents\code\khkt\sketch\build/core\core.a(Print.cpp.o)
                0x000045b0                arduino::Print::write(unsigned char const*, unsigned int)
 .text._ZN7arduino5Print5writeEPKc.part.2
                0x000045d8       0x1a c:\Users\kilkuwu\Documents\code\khkt\sketch\build/core\core.a(Print.cpp.o)
 .text._ZN7arduino5Print5writeEPKc
                0x000045f2       0x10 c:\Users\kilkuwu\Documents\code\khkt\sketch\build/core\core.a(Print.cpp.o)
                0x000045f2                arduino::Print::write(char const*)
 .text._ZN7arduino5Print5printERKNS_6StringE
                0x00004602        0xe c:\Users\kilkuwu\Documents\code\khkt\sketch\build/core\core.a(Print.cpp.o)
                0x00004602                arduino::Print::print(arduino::String const&)
 .text._ZN7arduino5Print7printlnEv
                0x00004610       0x10 c:\Users\kilkuwu\Documents\code\khkt\sketch\build/core\core.a(Print.cpp.o)
                0x00004610                arduino::Print::println()
 .text._ZN7arduino5Print7printlnERKNS_6StringE
                0x00004620       0x14 c:\Users\kilkuwu\Documents\code\khkt\sketch\build/core\core.a(Print.cpp.o)
                0x00004620                arduino::Print::println(arduino::String const&)
 .text._ZN7arduino5Print7printlnEPKc
                0x00004634       0x14 c:\Users\kilkuwu\Documents\code\khkt\sketch\build/core\core.a(Print.cpp.o)
                0x00004634                arduino::Print::println(char const*)
 .text._ZN7arduino6StringD2Ev
                0x00004648       0x12 c:\Users\kilkuwu\Documents\code\khkt\sketch\build/core\core.a(String.cpp.o)
                0x00004648                arduino::String::~String()
                0x00004648                arduino::String::~String()
 .text._ZN7arduino6String10invalidateEv
                0x0000465a       0x18 c:\Users\kilkuwu\Documents\code\khkt\sketch\build/core\core.a(String.cpp.o)
                0x0000465a                arduino::String::invalidate()
 .text._ZN7arduino6String12changeBufferEj
                0x00004672       0x18 c:\Users\kilkuwu\Documents\code\khkt\sketch\build/core\core.a(String.cpp.o)
                0x00004672                arduino::String::changeBuffer(unsigned int)
 .text._ZN7arduino6String7reserveEj
                0x0000468a       0x2a c:\Users\kilkuwu\Documents\code\khkt\sketch\build/core\core.a(String.cpp.o)
                0x0000468a                arduino::String::reserve(unsigned int)
 .text._ZN7arduino6String4copyEPKcj
                0x000046b4       0x32 c:\Users\kilkuwu\Documents\code\khkt\sketch\build/core\core.a(String.cpp.o)
                0x000046b4                arduino::String::copy(char const*, unsigned int)
 .text._ZN7arduino6StringC2EPKc
                0x000046e6       0x26 c:\Users\kilkuwu\Documents\code\khkt\sketch\build/core\core.a(String.cpp.o)
                0x000046e6                arduino::String::String(char const*)
                0x000046e6                arduino::String::String(char const*)
 .text._ZN7arduino6String4moveERS0_
                0x0000470c       0x44 c:\Users\kilkuwu\Documents\code\khkt\sketch\build/core\core.a(String.cpp.o)
                0x0000470c                arduino::String::move(arduino::String&)
 .text._ZN7arduino6StringaSEOS0_
                0x00004750       0x10 c:\Users\kilkuwu\Documents\code\khkt\sketch\build/core\core.a(String.cpp.o)
                0x00004750                arduino::String::operator=(arduino::String&&)
 .text._ZN7arduino6String6concatEPKcj
                0x00004760       0x42 c:\Users\kilkuwu\Documents\code\khkt\sketch\build/core\core.a(String.cpp.o)
                0x00004760                arduino::String::concat(char const*, unsigned int)
 .text._ZN7arduino6String6concatEc
                0x000047a2       0x12 c:\Users\kilkuwu\Documents\code\khkt\sketch\build/core\core.a(String.cpp.o)
                0x000047a2                arduino::String::concat(char)
 .text._ZNK7arduino6String7indexOfERKS0_j
                0x000047b4       0x20 c:\Users\kilkuwu\Documents\code\khkt\sketch\build/core\core.a(String.cpp.o)
                0x000047b4                arduino::String::indexOf(arduino::String const&, unsigned int) const
 .text._ZNK7arduino6String7indexOfERKS0_
                0x000047d4        0xa c:\Users\kilkuwu\Documents\code\khkt\sketch\build/core\core.a(String.cpp.o)
                0x000047d4                arduino::String::indexOf(arduino::String const&) const
 .text.initVariant
                0x000047de        0x2 c:\Users\kilkuwu\Documents\code\khkt\sketch\build/core\core.a(main.cpp.o)
                0x000047de                initVariant
 .text.startup.main
                0x000047e0       0x40 c:\Users\kilkuwu\Documents\code\khkt\sketch\build/core\core.a(main.cpp.o)
                0x000047e0                main
 .text._Znwj    0x00004820        0x8 c:\Users\kilkuwu\Documents\code\khkt\sketch\build/core\core.a(new.cpp.o)
                0x00004820                operator new(unsigned int)
 .text._ZdlPv   0x00004828        0x8 c:\Users\kilkuwu\Documents\code\khkt\sketch\build/core\core.a(new.cpp.o)
                0x00004828                operator delete(void*)
 .text          0x00004830       0x14 c:/users/kilkuwu/appdata/local/arduino15/packages/arduino/tools/arm-none-eabi-gcc/7-2017q4/bin/../lib/gcc/arm-none-eabi/7.2.1/thumb/v6-m\libgcc.a(_thumb1_case_uqi.o)
                0x00004830                __gnu_thumb1_case_uqi
 .text          0x00004844      0x114 c:/users/kilkuwu/appdata/local/arduino15/packages/arduino/tools/arm-none-eabi-gcc/7-2017q4/bin/../lib/gcc/arm-none-eabi/7.2.1/thumb/v6-m\libgcc.a(_udivsi3.o)
                0x00004844                __aeabi_uidiv
                0x00004844                __udivsi3
                0x00004950                __aeabi_uidivmod
 .text          0x00004958        0x4 c:/users/kilkuwu/appdata/local/arduino15/packages/arduino/tools/arm-none-eabi-gcc/7-2017q4/bin/../lib/gcc/arm-none-eabi/7.2.1/thumb/v6-m\libgcc.a(_dvmd_tls.o)
                0x00004958                __aeabi_idiv0
                0x00004958                __aeabi_ldiv0
 .text.__libc_init_array
                0x0000495c       0x48 c:/users/kilkuwu/appdata/local/arduino15/packages/arduino/tools/arm-none-eabi-gcc/7-2017q4/bin/../lib/gcc/arm-none-eabi/7.2.1/../../../../arm-none-eabi/lib/thumb/v6-m\libc_nano.a(lib_a-init.o)
                0x0000495c                __libc_init_array
 .text.malloc   0x000049a4       0x14 c:/users/kilkuwu/appdata/local/arduino15/packages/arduino/tools/arm-none-eabi-gcc/7-2017q4/bin/../lib/gcc/arm-none-eabi/7.2.1/../../../../arm-none-eabi/lib/thumb/v6-m\libc_nano.a(lib_a-malloc.o)
                0x000049a4                malloc
 .text.free     0x000049b8       0x14 c:/users/kilkuwu/appdata/local/arduino15/packages/arduino/tools/arm-none-eabi-gcc/7-2017q4/bin/../lib/gcc/arm-none-eabi/7.2.1/../../../../arm-none-eabi/lib/thumb/v6-m\libc_nano.a(lib_a-malloc.o)
                0x000049b8                free
 .text.memcpy   0x000049cc       0x12 c:/users/kilkuwu/appdata/local/arduino15/packages/arduino/tools/arm-none-eabi-gcc/7-2017q4/bin/../lib/gcc/arm-none-eabi/7.2.1/../../../../arm-none-eabi/lib/thumb/v6-m\libc_nano.a(lib_a-memcpy-stub.o)
                0x000049cc                memcpy
 .text.memset   0x000049de       0x10 c:/users/kilkuwu/appdata/local/arduino15/packages/arduino/tools/arm-none-eabi-gcc/7-2017q4/bin/../lib/gcc/arm-none-eabi/7.2.1/../../../../arm-none-eabi/lib/thumb/v6-m\libc_nano.a(lib_a-memset.o)
                0x000049de                memset
 *fill*         0x000049ee        0x2 
 .text._free_r  0x000049f0       0x94 c:/users/kilkuwu/appdata/local/arduino15/packages/arduino/tools/arm-none-eabi-gcc/7-2017q4/bin/../lib/gcc/arm-none-eabi/7.2.1/../../../../arm-none-eabi/lib/thumb/v6-m\libc_nano.a(lib_a-nano-freer.o)
                0x000049f0                _free_r
 .text._malloc_r
                0x00004a84       0xbc c:/users/kilkuwu/appdata/local/arduino15/packages/arduino/tools/arm-none-eabi-gcc/7-2017q4/bin/../lib/gcc/arm-none-eabi/7.2.1/../../../../arm-none-eabi/lib/thumb/v6-m\libc_nano.a(lib_a-nano-mallocr.o)
                0x00004a84                _malloc_r
 .text.realloc  0x00004b40       0x14 c:/users/kilkuwu/appdata/local/arduino15/packages/arduino/tools/arm-none-eabi-gcc/7-2017q4/bin/../lib/gcc/arm-none-eabi/7.2.1/../../../../arm-none-eabi/lib/thumb/v6-m\libc_nano.a(lib_a-realloc.o)
                0x00004b40                realloc
 .text._sbrk_r  0x00004b54       0x24 c:/users/kilkuwu/appdata/local/arduino15/packages/arduino/tools/arm-none-eabi-gcc/7-2017q4/bin/../lib/gcc/arm-none-eabi/7.2.1/../../../../arm-none-eabi/lib/thumb/v6-m\libc_nano.a(lib_a-sbrkr.o)
                0x00004b54                _sbrk_r
 .text          0x00004b78        0xe c:/users/kilkuwu/appdata/local/arduino15/packages/arduino/tools/arm-none-eabi-gcc/7-2017q4/bin/../lib/gcc/arm-none-eabi/7.2.1/../../../../arm-none-eabi/lib/thumb/v6-m\libc_nano.a(lib_a-strlen.o)
                0x00004b78                strlen
 .text.strstr   0x00004b86       0x32 c:/users/kilkuwu/appdata/local/arduino15/packages/arduino/tools/arm-none-eabi-gcc/7-2017q4/bin/../lib/gcc/arm-none-eabi/7.2.1/../../../../arm-none-eabi/lib/thumb/v6-m\libc_nano.a(lib_a-strstr.o)
                0x00004b86                strstr
 .text.__malloc_lock
                0x00004bb8        0x2 c:/users/kilkuwu/appdata/local/arduino15/packages/arduino/tools/arm-none-eabi-gcc/7-2017q4/bin/../lib/gcc/arm-none-eabi/7.2.1/../../../../arm-none-eabi/lib/thumb/v6-m\libc_nano.a(lib_a-mlock.o)
                0x00004bb8                __malloc_lock
 .text.__malloc_unlock
                0x00004bba        0x2 c:/users/kilkuwu/appdata/local/arduino15/packages/arduino/tools/arm-none-eabi-gcc/7-2017q4/bin/../lib/gcc/arm-none-eabi/7.2.1/../../../../arm-none-eabi/lib/thumb/v6-m\libc_nano.a(lib_a-mlock.o)
                0x00004bba                __malloc_unlock
 .text._realloc_r
                0x00004bbc       0x4c c:/users/kilkuwu/appdata/local/arduino15/packages/arduino/tools/arm-none-eabi-gcc/7-2017q4/bin/../lib/gcc/arm-none-eabi/7.2.1/../../../../arm-none-eabi/lib/thumb/v6-m\libc_nano.a(lib_a-nano-reallocr.o)
                0x00004bbc                _realloc_r
 .text._malloc_usable_size_r
                0x00004c08       0x10 c:/users/kilkuwu/appdata/local/arduino15/packages/arduino/tools/arm-none-eabi-gcc/7-2017q4/bin/../lib/gcc/arm-none-eabi/7.2.1/../../../../arm-none-eabi/lib/thumb/v6-m\libc_nano.a(lib_a-nano-msizer.o)
                0x00004c08                _malloc_usable_size_r
 .text._sbrk    0x00004c18       0x1c c:/users/kilkuwu/appdata/local/arduino15/packages/arduino/tools/arm-none-eabi-gcc/7-2017q4/bin/../lib/gcc/arm-none-eabi/7.2.1/../../../../arm-none-eabi/lib/thumb/v6-m\libnosys.a(sbrk.o)
                0x00004c18                _sbrk
 *(.init)
 .init          0x00004c34        0x4 c:/users/kilkuwu/appdata/local/arduino15/packages/arduino/tools/arm-none-eabi-gcc/7-2017q4/bin/../lib/gcc/arm-none-eabi/7.2.1/thumb/v6-m/crti.o
                0x00004c34                _init
 .init          0x00004c38        0x8 c:/users/kilkuwu/appdata/local/arduino15/packages/arduino/tools/arm-none-eabi-gcc/7-2017q4/bin/../lib/gcc/arm-none-eabi/7.2.1/thumb/v6-m/crtn.o
 *(.fini)
 .fini          0x00004c40        0x4 c:/users/kilkuwu/appdata/local/arduino15/packages/arduino/tools/arm-none-eabi-gcc/7-2017q4/bin/../lib/gcc/arm-none-eabi/7.2.1/thumb/v6-m/crti.o
                0x00004c40                _fini
 .fini          0x00004c44        0x8 c:/users/kilkuwu/appdata/local/arduino15/packages/arduino/tools/arm-none-eabi-gcc/7-2017q4/bin/../lib/gcc/arm-none-eabi/7.2.1/thumb/v6-m/crtn.o
 *crtbegin.o(.ctors)
 *crtbegin?.o(.ctors)
 *(EXCLUDE_FILE(*crtend.o *crtend?.o) .ctors)
 *(SORT_BY_NAME(.ctors.*))
 *(.ctors)
 *crtbegin.o(.dtors)
 *crtbegin?.o(.dtors)
 *(EXCLUDE_FILE(*crtend.o *crtend?.o) .dtors)
 *(SORT_BY_NAME(.dtors.*))
 *(.dtors)
 *(.rodata*)
 .rodata._Z16moduleStateCheckv.str1.1
                0x00004c4c       0x23 c:\Users\kilkuwu\Documents\code\khkt\sketch\build\sketch\gps.ino.cpp.o
 .rodata._Z8sendDataN7arduino6StringEib.str1.1
                0x00004c6f       0x23 c:\Users\kilkuwu\Documents\code\khkt\sketch\build\sketch\gps.ino.cpp.o
                                  0x1 (size before relaxing)
 .rodata.setup.str1.1
                0x00004c6f       0x37 c:\Users\kilkuwu\Documents\code\khkt\sketch\build\sketch\gps.ino.cpp.o
 *fill*         0x00004ca6        0x2 
 .rodata.g_APinDescription
                0x00004ca8      0x450 c:\Users\kilkuwu\Documents\code\khkt\sketch\build\core\variant.cpp.o
                0x00004ca8                g_APinDescription
 .rodata._ZTV7Serial_
                0x000050f8       0x60 c:\Users\kilkuwu\Documents\code\khkt\sketch\build/core\core.a(CDC.cpp.o)
                0x000050f8                vtable for Serial_
 .rodata._ZTV26DoubleBufferedEPOutHandler
                0x00005158       0x24 c:\Users\kilkuwu\Documents\code\khkt\sketch\build/core\core.a(USBCore.cpp.o)
                0x00005158                vtable for DoubleBufferedEPOutHandler
 .rodata._ZL14STRING_PRODUCT
                0x0000517c        0xd c:\Users\kilkuwu\Documents\code\khkt\sketch\build/core\core.a(USBCore.cpp.o)
 *fill*         0x00005189        0x1 
 .rodata._ZL15STRING_LANGUAGE
                0x0000518a        0x4 c:\Users\kilkuwu\Documents\code\khkt\sketch\build/core\core.a(USBCore.cpp.o)
 .rodata._ZL19STRING_MANUFACTURER
                0x0000518e        0xc c:\Users\kilkuwu\Documents\code\khkt\sketch\build/core\core.a(USBCore.cpp.o)
 .rodata._ZL21USB_DeviceDescriptorB
                0x0000519a       0x12 c:\Users\kilkuwu\Documents\code\khkt\sketch\build/core\core.a(USBCore.cpp.o)
 .rodata._ZTV4Uart
                0x000051ac       0x34 c:\Users\kilkuwu\Documents\code\khkt\sketch\build/core\core.a(Uart.cpp.o)
                0x000051ac                vtable for Uart
 .rodata._ZN7arduino5Print7printlnEv.str1.1
                0x000051e0        0x3 c:\Users\kilkuwu\Documents\code\khkt\sketch\build/core\core.a(Print.cpp.o)
 *(.eh_frame*)
 *fill*         0x000051e3        0x1 
 .eh_frame      0x000051e4        0x0 c:/users/kilkuwu/appdata/local/arduino15/packages/arduino/tools/arm-none-eabi-gcc/7-2017q4/bin/../lib/gcc/arm-none-eabi/7.2.1/thumb/v6-m/crtbegin.o
 .eh_frame      0x000051e4        0x4 c:/users/kilkuwu/appdata/local/arduino15/packages/arduino/tools/arm-none-eabi-gcc/7-2017q4/bin/../lib/gcc/arm-none-eabi/7.2.1/thumb/v6-m/crtend.o

.glue_7         0x000051e8        0x0
 .glue_7        0x000051e8        0x0 linker stubs

.glue_7t        0x000051e8        0x0
 .glue_7t       0x000051e8        0x0 linker stubs

.vfp11_veneer   0x000051e8        0x0
 .vfp11_veneer  0x000051e8        0x0 linker stubs

.v4_bx          0x000051e8        0x0
 .v4_bx         0x000051e8        0x0 linker stubs

.iplt           0x000051e8        0x0
 .iplt          0x000051e8        0x0 c:/users/kilkuwu/appdata/local/arduino15/packages/arduino/tools/arm-none-eabi-gcc/7-2017q4/bin/../lib/gcc/arm-none-eabi/7.2.1/thumb/v6-m/crtbegin.o

.rel.dyn        0x000051e8        0x0
 .rel.iplt      0x000051e8        0x0 c:/users/kilkuwu/appdata/local/arduino15/packages/arduino/tools/arm-none-eabi-gcc/7-2017q4/bin/../lib/gcc/arm-none-eabi/7.2.1/thumb/v6-m/crtbegin.o

.ARM.extab
 *(.ARM.extab* .gnu.linkonce.armextab.*)
                0x000051e8                __exidx_start = .

.ARM.exidx
 *(.ARM.exidx* .gnu.linkonce.armexidx.*)
                0x000051e8                __exidx_end = .
                0x000051e8                __etext = .

.data           0x20000000       0xa0 load address 0x000051e8
                0x20000000                __data_start__ = .
 *(vtable)
 *(.data*)
 .data.LOW_PWR_KEY
                0x20000000        0x4 c:\Users\kilkuwu\Documents\code\khkt\sketch\build\sketch\gps.ino.cpp.o
                0x20000000                LOW_PWR_KEY
 .data.PWR_KEY  0x20000004        0x4 c:\Users\kilkuwu\Documents\code\khkt\sketch\build\sketch\gps.ino.cpp.o
                0x20000004                PWR_KEY
 .data.RST_KEY  0x20000008        0x4 c:\Users\kilkuwu\Documents\code\khkt\sketch\build\sketch\gps.ino.cpp.o
                0x20000008                RST_KEY
 .data.SystemCoreClock
                0x2000000c        0x4 c:\Users\kilkuwu\Documents\code\khkt\sketch\build/core\core.a(wiring.c.o)
                0x2000000c                SystemCoreClock
 .data._ZL5ticks
                0x20000010        0x4 c:\Users\kilkuwu\Documents\code\khkt\sketch\build/core\core.a(Reset.cpp.o)
 .data._ZL10breakValue
                0x20000014        0x4 c:\Users\kilkuwu\Documents\code\khkt\sketch\build/core\core.a(CDC.cpp.o)
 .data._ZL12_usbLineInfo
                0x20000018        0x8 c:\Users\kilkuwu\Documents\code\khkt\sketch\build/core\core.a(CDC.cpp.o)
 .data._serialPeek
                0x20000020        0x4 c:\Users\kilkuwu\Documents\code\khkt\sketch\build/core\core.a(CDC.cpp.o)
                0x20000020                _serialPeek
 .data._impure_ptr
                0x20000024        0x4 c:/users/kilkuwu/appdata/local/arduino15/packages/arduino/tools/arm-none-eabi-gcc/7-2017q4/bin/../lib/gcc/arm-none-eabi/7.2.1/../../../../arm-none-eabi/lib/thumb/v6-m\libc_nano.a(lib_a-impure.o)
                0x20000024                _impure_ptr
 .data.impure_data
                0x20000028       0x60 c:/users/kilkuwu/appdata/local/arduino15/packages/arduino/tools/arm-none-eabi-gcc/7-2017q4/bin/../lib/gcc/arm-none-eabi/7.2.1/../../../../arm-none-eabi/lib/thumb/v6-m\libc_nano.a(lib_a-impure.o)
                0x20000088                . = ALIGN (0x4)
                0x20000088                PROVIDE (__preinit_array_start, .)
 *(.preinit_array)
                0x20000088                PROVIDE (__preinit_array_end, .)
                0x20000088                . = ALIGN (0x4)
                0x20000088                PROVIDE (__init_array_start, .)
 *(SORT_BY_NAME(.init_array.*))
 *(.init_array)
 .init_array    0x20000088        0x4 c:/users/kilkuwu/appdata/local/arduino15/packages/arduino/tools/arm-none-eabi-gcc/7-2017q4/bin/../lib/gcc/arm-none-eabi/7.2.1/thumb/v6-m/crtbegin.o
 .init_array    0x2000008c        0x4 c:\Users\kilkuwu\Documents\code\khkt\sketch\build\core\variant.cpp.o
 .init_array    0x20000090        0x4 c:\Users\kilkuwu\Documents\code\khkt\sketch\build/core\core.a(CDC.cpp.o)
 .init_array    0x20000094        0x4 c:\Users\kilkuwu\Documents\code\khkt\sketch\build/core\core.a(USBCore.cpp.o)
                0x20000098                PROVIDE (__init_array_end, .)
                0x20000098                . = ALIGN (0x4)
                [!provide]                PROVIDE (__fini_array_start, .)
 *(SORT_BY_NAME(.fini_array.*))
 *(.fini_array)
 .fini_array    0x20000098        0x4 c:/users/kilkuwu/appdata/local/arduino15/packages/arduino/tools/arm-none-eabi-gcc/7-2017q4/bin/../lib/gcc/arm-none-eabi/7.2.1/thumb/v6-m/crtbegin.o
                [!provide]                PROVIDE (__fini_array_end, .)
 *(.jcr*)
                0x200000a0                . = ALIGN (0x10)
 *fill*         0x2000009c        0x4 
                0x200000a0                __data_end__ = .

.igot.plt       0x200000a0        0x0 load address 0x00005288
 .igot.plt      0x200000a0        0x0 c:/users/kilkuwu/appdata/local/arduino15/packages/arduino/tools/arm-none-eabi-gcc/7-2017q4/bin/../lib/gcc/arm-none-eabi/7.2.1/thumb/v6-m/crtbegin.o

.bss            0x200000a0      0xb18 load address 0x00005288
                0x200000a0                . = ALIGN (0x4)
                0x200000a0                __bss_start__ = .
 *(.bss*)
 .bss           0x200000a0       0x1c c:/users/kilkuwu/appdata/local/arduino15/packages/arduino/tools/arm-none-eabi-gcc/7-2017q4/bin/../lib/gcc/arm-none-eabi/7.2.1/thumb/v6-m/crtbegin.o
 .bss.ModuleState
                0x200000bc        0x1 c:\Users\kilkuwu\Documents\code\khkt\sketch\build\sketch\gps.ino.cpp.o
                0x200000bc                ModuleState
 *fill*         0x200000bd        0x3 
 .bss.Serial    0x200000c0      0x244 c:\Users\kilkuwu\Documents\code\khkt\sketch\build\core\variant.cpp.o
                0x200000c0                Serial
 .bss.Serial1   0x20000304      0x244 c:\Users\kilkuwu\Documents\code\khkt\sketch\build\core\variant.cpp.o
                0x20000304                Serial1
 .bss.sercom0   0x20000548        0x8 c:\Users\kilkuwu\Documents\code\khkt\sketch\build\core\variant.cpp.o
                0x20000548                sercom0
 .bss.sercom1   0x20000550        0x8 c:\Users\kilkuwu\Documents\code\khkt\sketch\build\core\variant.cpp.o
                0x20000550                sercom1
 .bss.sercom2   0x20000558        0x8 c:\Users\kilkuwu\Documents\code\khkt\sketch\build\core\variant.cpp.o
                0x20000558                sercom2
 .bss.sercom3   0x20000560        0x8 c:\Users\kilkuwu\Documents\code\khkt\sketch\build\core\variant.cpp.o
                0x20000560                sercom3
 .bss.sercom4   0x20000568        0x8 c:\Users\kilkuwu\Documents\code\khkt\sketch\build\core\variant.cpp.o
                0x20000568                sercom4
 .bss.sercom5   0x20000570        0x8 c:\Users\kilkuwu\Documents\code\khkt\sketch\build\core\variant.cpp.o
                0x20000570                sercom5
 .bss.usb_isr   0x20000578        0x4 c:\Users\kilkuwu\Documents\code\khkt\sketch\build/core\core.a(cortex_handlers.c.o)
 .bss._ulTickCount
                0x2000057c        0x4 c:\Users\kilkuwu\Documents\code\khkt\sketch\build/core\core.a(delay.c.o)
 .bss.SerialUSB
                0x20000580       0x34 c:\Users\kilkuwu\Documents\code\khkt\sketch\build/core\core.a(CDC.cpp.o)
                0x20000580                SerialUSB
 .bss.EndPoints
                0x200005b4       0x28 c:\Users\kilkuwu\Documents\code\khkt\sketch\build/core\core.a(USBCore.cpp.o)
                0x200005b4                EndPoints
 .bss.USBDevice
                0x200005dc        0x1 c:\Users\kilkuwu\Documents\code\khkt\sketch\build/core\core.a(USBCore.cpp.o)
                0x200005dc                USBDevice
 *fill*         0x200005dd        0x3 
 .bss._ZL10epHandlers
                0x200005e0       0x1c c:\Users\kilkuwu\Documents\code\khkt\sketch\build/core\core.a(USBCore.cpp.o)
 .bss._ZL10rxLEDPulse
                0x200005fc        0x1 c:\Users\kilkuwu\Documents\code\khkt\sketch\build/core\core.a(USBCore.cpp.o)
 .bss._ZL10txLEDPulse
                0x200005fd        0x1 c:\Users\kilkuwu\Documents\code\khkt\sketch\build/core\core.a(USBCore.cpp.o)
 .bss._ZL14isEndpointHalt
                0x200005fe        0x1 c:\Users\kilkuwu\Documents\code\khkt\sketch\build/core\core.a(USBCore.cpp.o)
 .bss._ZL20LastTransmitTimedOut
                0x200005ff        0x7 c:\Users\kilkuwu\Documents\code\khkt\sketch\build/core\core.a(USBCore.cpp.o)
 .bss._ZL21isRemoteWakeUpEnabled
                0x20000606        0x1 c:\Users\kilkuwu\Documents\code\khkt\sketch\build/core\core.a(USBCore.cpp.o)
 *fill*         0x20000607        0x1 
 .bss._ZL22udd_ep_in_cache_buffer
                0x20000608      0x1c0 c:\Users\kilkuwu\Documents\code\khkt\sketch\build/core\core.a(USBCore.cpp.o)
 .bss._ZL23udd_ep_out_cache_buffer
                0x200007c8      0x1c0 c:\Users\kilkuwu\Documents\code\khkt\sketch\build/core\core.a(USBCore.cpp.o)
 .bss._dry_run  0x20000988        0x1 c:\Users\kilkuwu\Documents\code\khkt\sketch\build/core\core.a(USBCore.cpp.o)
                0x20000988                _dry_run
 .bss._pack_buffer
                0x20000989      0x100 c:\Users\kilkuwu\Documents\code\khkt\sketch\build/core\core.a(USBCore.cpp.o)
                0x20000989                _pack_buffer
 .bss._pack_message
                0x20000a89        0x1 c:\Users\kilkuwu\Documents\code\khkt\sketch\build/core\core.a(USBCore.cpp.o)
                0x20000a89                _pack_message
 .bss._pack_size
                0x20000a8a        0x2 c:\Users\kilkuwu\Documents\code\khkt\sketch\build/core\core.a(USBCore.cpp.o)
                0x20000a8a                _pack_size
 .bss._usbConfiguration
                0x20000a8c        0x4 c:\Users\kilkuwu\Documents\code\khkt\sketch\build/core\core.a(USBCore.cpp.o)
                0x20000a8c                _usbConfiguration
 .bss._usbSetInterface
                0x20000a90        0x4 c:\Users\kilkuwu\Documents\code\khkt\sketch\build/core\core.a(USBCore.cpp.o)
                0x20000a90                _usbSetInterface
 .bss.usbd      0x20000a94      0x104 c:\Users\kilkuwu\Documents\code\khkt\sketch\build/core\core.a(USBCore.cpp.o)
                0x20000a94                usbd
 .bss._ZGVZ12PluggableUSBvE3obj
                0x20000b98        0x4 c:\Users\kilkuwu\Documents\code\khkt\sketch\build/core\core.a(PluggableUSB.cpp.o)
 .bss._ZZ12PluggableUSBvE3obj
                0x20000b9c        0xc c:\Users\kilkuwu\Documents\code\khkt\sketch\build/core\core.a(PluggableUSB.cpp.o)
 .bss.__malloc_free_list
                0x20000ba8        0x4 c:/users/kilkuwu/appdata/local/arduino15/packages/arduino/tools/arm-none-eabi-gcc/7-2017q4/bin/../lib/gcc/arm-none-eabi/7.2.1/../../../../arm-none-eabi/lib/thumb/v6-m\libc_nano.a(lib_a-nano-mallocr.o)
                0x20000ba8                __malloc_free_list
 .bss.__malloc_sbrk_start
                0x20000bac        0x4 c:/users/kilkuwu/appdata/local/arduino15/packages/arduino/tools/arm-none-eabi-gcc/7-2017q4/bin/../lib/gcc/arm-none-eabi/7.2.1/../../../../arm-none-eabi/lib/thumb/v6-m\libc_nano.a(lib_a-nano-mallocr.o)
                0x20000bac                __malloc_sbrk_start
 .bss.heap_end.4102
                0x20000bb0        0x4 c:/users/kilkuwu/appdata/local/arduino15/packages/arduino/tools/arm-none-eabi-gcc/7-2017q4/bin/../lib/gcc/arm-none-eabi/7.2.1/../../../../arm-none-eabi/lib/thumb/v6-m\libnosys.a(sbrk.o)
 *(COMMON)
 COMMON         0x20000bb4        0x4 c:/users/kilkuwu/appdata/local/arduino15/packages/arduino/tools/arm-none-eabi-gcc/7-2017q4/bin/../lib/gcc/arm-none-eabi/7.2.1/../../../../arm-none-eabi/lib/thumb/v6-m\libc_nano.a(lib_a-reent.o)
                0x20000bb4                errno
                0x20000bb8                . = ALIGN (0x4)
                0x20000bb8                __bss_end__ = .

.heap           0x20000bb8        0x0
                0x20000bb8                __end__ = .
                0x20000bb8                PROVIDE (end, .)
 *(.heap*)
                0x20000bb8                __HeapLimit = .

.stack_dummy    0x20000bb8        0x0
 *(.stack*)
                0x20008000                __StackTop = (ORIGIN (RAM) + LENGTH (RAM))
                0x20008000                __StackLimit = (__StackTop - SIZEOF (.stack_dummy))
                0x20008000                PROVIDE (__stack, __StackTop)
                0x20007fff                __ram_end__ = ((ORIGIN (RAM) + LENGTH (RAM)) - 0x1)
                0x00000001                ASSERT ((__StackLimit >= __HeapLimit), region RAM overflowed with stack)
OUTPUT(c:\Users\kilkuwu\Documents\code\khkt\sketch\build/gps.ino.elf elf32-littlearm)

.ARM.attributes
                0x00000000       0x28
 .ARM.attributes
                0x00000000       0x1e c:/users/kilkuwu/appdata/local/arduino15/packages/arduino/tools/arm-none-eabi-gcc/7-2017q4/bin/../lib/gcc/arm-none-eabi/7.2.1/thumb/v6-m/crti.o
 .ARM.attributes
                0x0000001e       0x2c c:/users/kilkuwu/appdata/local/arduino15/packages/arduino/tools/arm-none-eabi-gcc/7-2017q4/bin/../lib/gcc/arm-none-eabi/7.2.1/thumb/v6-m/crtbegin.o
 .ARM.attributes
                0x0000004a       0x32 c:\Users\kilkuwu\Documents\code\khkt\sketch\build\sketch\gps.ino.cpp.o
 .ARM.attributes
                0x0000007c       0x32 c:\Users\kilkuwu\Documents\code\khkt\sketch\build\core\variant.cpp.o
 .ARM.attributes
                0x000000ae       0x32 c:\Users\kilkuwu\Documents\code\khkt\sketch\build/core\core.a(cortex_handlers.c.o)
 .ARM.attributes
                0x000000e0       0x32 c:\Users\kilkuwu\Documents\code\khkt\sketch\build/core\core.a(delay.c.o)
 .ARM.attributes
                0x00000112       0x32 c:\Users\kilkuwu\Documents\code\khkt\sketch\build/core\core.a(hooks.c.o)
 .ARM.attributes
                0x00000144       0x32 c:\Users\kilkuwu\Documents\code\khkt\sketch\build/core\core.a(startup.c.o)
 .ARM.attributes
                0x00000176       0x32 c:\Users\kilkuwu\Documents\code\khkt\sketch\build/core\core.a(wiring.c.o)
 .ARM.attributes
                0x000001a8       0x32 c:\Users\kilkuwu\Documents\code\khkt\sketch\build/core\core.a(wiring_analog.c.o)
 .ARM.attributes
                0x000001da       0x32 c:\Users\kilkuwu\Documents\code\khkt\sketch\build/core\core.a(wiring_digital.c.o)
 .ARM.attributes
                0x0000020c       0x32 c:\Users\kilkuwu\Documents\code\khkt\sketch\build/core\core.a(wiring_private.c.o)
 .ARM.attributes
                0x0000023e       0x32 c:\Users\kilkuwu\Documents\code\khkt\sketch\build/core\core.a(Reset.cpp.o)
 .ARM.attributes
                0x00000270       0x32 c:\Users\kilkuwu\Documents\code\khkt\sketch\build/core\core.a(SERCOM.cpp.o)
 .ARM.attributes
                0x000002a2       0x32 c:\Users\kilkuwu\Documents\code\khkt\sketch\build/core\core.a(CDC.cpp.o)
 .ARM.attributes
                0x000002d4       0x32 c:\Users\kilkuwu\Documents\code\khkt\sketch\build/core\core.a(USBCore.cpp.o)
 .ARM.attributes
                0x00000306       0x32 c:\Users\kilkuwu\Documents\code\khkt\sketch\build/core\core.a(Uart.cpp.o)
 .ARM.attributes
                0x00000338       0x32 c:\Users\kilkuwu\Documents\code\khkt\sketch\build/core\core.a(PluggableUSB.cpp.o)
 .ARM.attributes
                0x0000036a       0x32 c:\Users\kilkuwu\Documents\code\khkt\sketch\build/core\core.a(Print.cpp.o)
 .ARM.attributes
                0x0000039c       0x32 c:\Users\kilkuwu\Documents\code\khkt\sketch\build/core\core.a(String.cpp.o)
 .ARM.attributes
                0x000003ce       0x32 c:\Users\kilkuwu\Documents\code\khkt\sketch\build/core\core.a(main.cpp.o)
 .ARM.attributes
                0x00000400       0x32 c:\Users\kilkuwu\Documents\code\khkt\sketch\build/core\core.a(new.cpp.o)
 .ARM.attributes
                0x00000432       0x1e c:/users/kilkuwu/appdata/local/arduino15/packages/arduino/tools/arm-none-eabi-gcc/7-2017q4/bin/../lib/gcc/arm-none-eabi/7.2.1/thumb/v6-m\libgcc.a(_thumb1_case_uqi.o)
 .ARM.attributes
                0x00000450       0x1e c:/users/kilkuwu/appdata/local/arduino15/packages/arduino/tools/arm-none-eabi-gcc/7-2017q4/bin/../lib/gcc/arm-none-eabi/7.2.1/thumb/v6-m\libgcc.a(_udivsi3.o)
 .ARM.attributes
                0x0000046e       0x1e c:/users/kilkuwu/appdata/local/arduino15/packages/arduino/tools/arm-none-eabi-gcc/7-2017q4/bin/../lib/gcc/arm-none-eabi/7.2.1/thumb/v6-m\libgcc.a(_dvmd_tls.o)
 .ARM.attributes
                0x0000048c       0x2c c:/users/kilkuwu/appdata/local/arduino15/packages/arduino/tools/arm-none-eabi-gcc/7-2017q4/bin/../lib/gcc/arm-none-eabi/7.2.1/../../../../arm-none-eabi/lib/thumb/v6-m\libc_nano.a(lib_a-impure.o)
 .ARM.attributes
                0x000004b8       0x2c c:/users/kilkuwu/appdata/local/arduino15/packages/arduino/tools/arm-none-eabi-gcc/7-2017q4/bin/../lib/gcc/arm-none-eabi/7.2.1/../../../../arm-none-eabi/lib/thumb/v6-m\libc_nano.a(lib_a-init.o)
 .ARM.attributes
                0x000004e4       0x2c c:/users/kilkuwu/appdata/local/arduino15/packages/arduino/tools/arm-none-eabi-gcc/7-2017q4/bin/../lib/gcc/arm-none-eabi/7.2.1/../../../../arm-none-eabi/lib/thumb/v6-m\libc_nano.a(lib_a-malloc.o)
 .ARM.attributes
                0x00000510       0x2c c:/users/kilkuwu/appdata/local/arduino15/packages/arduino/tools/arm-none-eabi-gcc/7-2017q4/bin/../lib/gcc/arm-none-eabi/7.2.1/../../../../arm-none-eabi/lib/thumb/v6-m\libc_nano.a(lib_a-memcpy-stub.o)
 .ARM.attributes
                0x0000053c       0x2c c:/users/kilkuwu/appdata/local/arduino15/packages/arduino/tools/arm-none-eabi-gcc/7-2017q4/bin/../lib/gcc/arm-none-eabi/7.2.1/../../../../arm-none-eabi/lib/thumb/v6-m\libc_nano.a(lib_a-memset.o)
 .ARM.attributes
                0x00000568       0x2c c:/users/kilkuwu/appdata/local/arduino15/packages/arduino/tools/arm-none-eabi-gcc/7-2017q4/bin/../lib/gcc/arm-none-eabi/7.2.1/../../../../arm-none-eabi/lib/thumb/v6-m\libc_nano.a(lib_a-nano-freer.o)
 .ARM.attributes
                0x00000594       0x2c c:/users/kilkuwu/appdata/local/arduino15/packages/arduino/tools/arm-none-eabi-gcc/7-2017q4/bin/../lib/gcc/arm-none-eabi/7.2.1/../../../../arm-none-eabi/lib/thumb/v6-m\libc_nano.a(lib_a-nano-mallocr.o)
 .ARM.attributes
                0x000005c0       0x2c c:/users/kilkuwu/appdata/local/arduino15/packages/arduino/tools/arm-none-eabi-gcc/7-2017q4/bin/../lib/gcc/arm-none-eabi/7.2.1/../../../../arm-none-eabi/lib/thumb/v6-m\libc_nano.a(lib_a-realloc.o)
 .ARM.attributes
                0x000005ec       0x2c c:/users/kilkuwu/appdata/local/arduino15/packages/arduino/tools/arm-none-eabi-gcc/7-2017q4/bin/../lib/gcc/arm-none-eabi/7.2.1/../../../../arm-none-eabi/lib/thumb/v6-m\libc_nano.a(lib_a-sbrkr.o)
 .ARM.attributes
                0x00000618       0x1c c:/users/kilkuwu/appdata/local/arduino15/packages/arduino/tools/arm-none-eabi-gcc/7-2017q4/bin/../lib/gcc/arm-none-eabi/7.2.1/../../../../arm-none-eabi/lib/thumb/v6-m\libc_nano.a(lib_a-strlen.o)
 .ARM.attributes
                0x00000634       0x2c c:/users/kilkuwu/appdata/local/arduino15/packages/arduino/tools/arm-none-eabi-gcc/7-2017q4/bin/../lib/gcc/arm-none-eabi/7.2.1/../../../../arm-none-eabi/lib/thumb/v6-m\libc_nano.a(lib_a-strstr.o)
 .ARM.attributes
                0x00000660       0x2c c:/users/kilkuwu/appdata/local/arduino15/packages/arduino/tools/arm-none-eabi-gcc/7-2017q4/bin/../lib/gcc/arm-none-eabi/7.2.1/../../../../arm-none-eabi/lib/thumb/v6-m\libc_nano.a(lib_a-mlock.o)
 .ARM.attributes
                0x0000068c       0x2c c:/users/kilkuwu/appdata/local/arduino15/packages/arduino/tools/arm-none-eabi-gcc/7-2017q4/bin/../lib/gcc/arm-none-eabi/7.2.1/../../../../arm-none-eabi/lib/thumb/v6-m\libc_nano.a(lib_a-nano-reallocr.o)
 .ARM.attributes
                0x000006b8       0x2c c:/users/kilkuwu/appdata/local/arduino15/packages/arduino/tools/arm-none-eabi-gcc/7-2017q4/bin/../lib/gcc/arm-none-eabi/7.2.1/../../../../arm-none-eabi/lib/thumb/v6-m\libc_nano.a(lib_a-reent.o)
 .ARM.attributes
                0x000006e4       0x2c c:/users/kilkuwu/appdata/local/arduino15/packages/arduino/tools/arm-none-eabi-gcc/7-2017q4/bin/../lib/gcc/arm-none-eabi/7.2.1/../../../../arm-none-eabi/lib/thumb/v6-m\libc_nano.a(lib_a-nano-msizer.o)
 .ARM.attributes
                0x00000710       0x2c c:/users/kilkuwu/appdata/local/arduino15/packages/arduino/tools/arm-none-eabi-gcc/7-2017q4/bin/../lib/gcc/arm-none-eabi/7.2.1/../../../../arm-none-eabi/lib/thumb/v6-m\libnosys.a(sbrk.o)
 .ARM.attributes
                0x0000073c       0x2c c:/users/kilkuwu/appdata/local/arduino15/packages/arduino/tools/arm-none-eabi-gcc/7-2017q4/bin/../lib/gcc/arm-none-eabi/7.2.1/thumb/v6-m/crtend.o
 .ARM.attributes
                0x00000768       0x1e c:/users/kilkuwu/appdata/local/arduino15/packages/arduino/tools/arm-none-eabi-gcc/7-2017q4/bin/../lib/gcc/arm-none-eabi/7.2.1/thumb/v6-m/crtn.o

.comment        0x00000000       0x7e
 .comment       0x00000000       0x7e c:\Users\kilkuwu\Documents\code\khkt\sketch\build\sketch\gps.ino.cpp.o
                                 0x7f (size before relaxing)
 .comment       0x0000007e       0x7f c:\Users\kilkuwu\Documents\code\khkt\sketch\build\core\variant.cpp.o
 .comment       0x0000007e       0x7f c:\Users\kilkuwu\Documents\code\khkt\sketch\build/core\core.a(cortex_handlers.c.o)
 .comment       0x0000007e       0x7f c:\Users\kilkuwu\Documents\code\khkt\sketch\build/core\core.a(delay.c.o)
 .comment       0x0000007e       0x7f c:\Users\kilkuwu\Documents\code\khkt\sketch\build/core\core.a(hooks.c.o)
 .comment       0x0000007e       0x7f c:\Users\kilkuwu\Documents\code\khkt\sketch\build/core\core.a(startup.c.o)
 .comment       0x0000007e       0x7f c:\Users\kilkuwu\Documents\code\khkt\sketch\build/core\core.a(wiring.c.o)
 .comment       0x0000007e       0x7f c:\Users\kilkuwu\Documents\code\khkt\sketch\build/core\core.a(wiring_analog.c.o)
 .comment       0x0000007e       0x7f c:\Users\kilkuwu\Documents\code\khkt\sketch\build/core\core.a(wiring_digital.c.o)
 .comment       0x0000007e       0x7f c:\Users\kilkuwu\Documents\code\khkt\sketch\build/core\core.a(wiring_private.c.o)
 .comment       0x0000007e       0x7f c:\Users\kilkuwu\Documents\code\khkt\sketch\build/core\core.a(Reset.cpp.o)
 .comment       0x0000007e       0x7f c:\Users\kilkuwu\Documents\code\khkt\sketch\build/core\core.a(SERCOM.cpp.o)
 .comment       0x0000007e       0x7f c:\Users\kilkuwu\Documents\code\khkt\sketch\build/core\core.a(CDC.cpp.o)
 .comment       0x0000007e       0x7f c:\Users\kilkuwu\Documents\code\khkt\sketch\build/core\core.a(USBCore.cpp.o)
 .comment       0x0000007e       0x7f c:\Users\kilkuwu\Documents\code\khkt\sketch\build/core\core.a(Uart.cpp.o)
 .comment       0x0000007e       0x7f c:\Users\kilkuwu\Documents\code\khkt\sketch\build/core\core.a(PluggableUSB.cpp.o)
 .comment       0x0000007e       0x7f c:\Users\kilkuwu\Documents\code\khkt\sketch\build/core\core.a(Print.cpp.o)
 .comment       0x0000007e       0x7f c:\Users\kilkuwu\Documents\code\khkt\sketch\build/core\core.a(String.cpp.o)
 .comment       0x0000007e       0x7f c:\Users\kilkuwu\Documents\code\khkt\sketch\build/core\core.a(main.cpp.o)
 .comment       0x0000007e       0x7f c:\Users\kilkuwu\Documents\code\khkt\sketch\build/core\core.a(new.cpp.o)

.debug_info     0x00000000    0x5af4c
 .debug_info    0x00000000     0x63d8 c:\Users\kilkuwu\Documents\code\khkt\sketch\build\sketch\gps.ino.cpp.o
 .debug_info    0x000063d8     0x782a c:\Users\kilkuwu\Documents\code\khkt\sketch\build\core\variant.cpp.o
 .debug_info    0x0000dc02     0x10d2 c:\Users\kilkuwu\Documents\code\khkt\sketch\build/core\core.a(cortex_handlers.c.o)
 .debug_info    0x0000ecd4     0x1398 c:\Users\kilkuwu\Documents\code\khkt\sketch\build/core\core.a(delay.c.o)
 .debug_info    0x0001006c       0x64 c:\Users\kilkuwu\Documents\code\khkt\sketch\build/core\core.a(hooks.c.o)
 .debug_info    0x000100d0     0x3494 c:\Users\kilkuwu\Documents\code\khkt\sketch\build/core\core.a(startup.c.o)
 .debug_info    0x00013564     0x2d60 c:\Users\kilkuwu\Documents\code\khkt\sketch\build/core\core.a(wiring.c.o)
 .debug_info    0x000162c4     0x4f29 c:\Users\kilkuwu\Documents\code\khkt\sketch\build/core\core.a(wiring_analog.c.o)
 .debug_info    0x0001b1ed     0x1833 c:\Users\kilkuwu\Documents\code\khkt\sketch\build/core\core.a(wiring_digital.c.o)
 .debug_info    0x0001ca20     0x17bd c:\Users\kilkuwu\Documents\code\khkt\sketch\build/core\core.a(wiring_private.c.o)
 .debug_info    0x0001e1dd     0x63e6 c:\Users\kilkuwu\Documents\code\khkt\sketch\build/core\core.a(Reset.cpp.o)
 .debug_info    0x000245c3     0x72f7 c:\Users\kilkuwu\Documents\code\khkt\sketch\build/core\core.a(SERCOM.cpp.o)
 .debug_info    0x0002b8ba     0x9b17 c:\Users\kilkuwu\Documents\code\khkt\sketch\build/core\core.a(CDC.cpp.o)
 .debug_info    0x000353d1     0xdbf2 c:\Users\kilkuwu\Documents\code\khkt\sketch\build/core\core.a(USBCore.cpp.o)
 .debug_info    0x00042fc3     0x7f79 c:\Users\kilkuwu\Documents\code\khkt\sketch\build/core\core.a(Uart.cpp.o)
 .debug_info    0x0004af3c      0x686 c:\Users\kilkuwu\Documents\code\khkt\sketch\build/core\core.a(PluggableUSB.cpp.o)
 .debug_info    0x0004b5c2     0x41d3 c:\Users\kilkuwu\Documents\code\khkt\sketch\build/core\core.a(Print.cpp.o)
 .debug_info    0x0004f795     0x4a5c c:\Users\kilkuwu\Documents\code\khkt\sketch\build/core\core.a(String.cpp.o)
 .debug_info    0x000541f1     0x5e20 c:\Users\kilkuwu\Documents\code\khkt\sketch\build/core\core.a(main.cpp.o)
 .debug_info    0x0005a011      0xf3b c:\Users\kilkuwu\Documents\code\khkt\sketch\build/core\core.a(new.cpp.o)

.debug_abbrev   0x00000000     0x6cd0
 .debug_abbrev  0x00000000      0x6a9 c:\Users\kilkuwu\Documents\code\khkt\sketch\build\sketch\gps.ino.cpp.o
 .debug_abbrev  0x000006a9      0x617 c:\Users\kilkuwu\Documents\code\khkt\sketch\build\core\variant.cpp.o
 .debug_abbrev  0x00000cc0      0x29a c:\Users\kilkuwu\Documents\code\khkt\sketch\build/core\core.a(cortex_handlers.c.o)
 .debug_abbrev  0x00000f5a      0x33c c:\Users\kilkuwu\Documents\code\khkt\sketch\build/core\core.a(delay.c.o)
 .debug_abbrev  0x00001296       0x49 c:\Users\kilkuwu\Documents\code\khkt\sketch\build/core\core.a(hooks.c.o)
 .debug_abbrev  0x000012df      0x2ac c:\Users\kilkuwu\Documents\code\khkt\sketch\build/core\core.a(startup.c.o)
 .debug_abbrev  0x0000158b      0x3a1 c:\Users\kilkuwu\Documents\code\khkt\sketch\build/core\core.a(wiring.c.o)
 .debug_abbrev  0x0000192c      0x487 c:\Users\kilkuwu\Documents\code\khkt\sketch\build/core\core.a(wiring_analog.c.o)
 .debug_abbrev  0x00001db3      0x339 c:\Users\kilkuwu\Documents\code\khkt\sketch\build/core\core.a(wiring_digital.c.o)
 .debug_abbrev  0x000020ec      0x303 c:\Users\kilkuwu\Documents\code\khkt\sketch\build/core\core.a(wiring_private.c.o)
 .debug_abbrev  0x000023ef      0x671 c:\Users\kilkuwu\Documents\code\khkt\sketch\build/core\core.a(Reset.cpp.o)
 .debug_abbrev  0x00002a60      0x836 c:\Users\kilkuwu\Documents\code\khkt\sketch\build/core\core.a(SERCOM.cpp.o)
 .debug_abbrev  0x00003296      0xab9 c:\Users\kilkuwu\Documents\code\khkt\sketch\build/core\core.a(CDC.cpp.o)
 .debug_abbrev  0x00003d4f      0xc85 c:\Users\kilkuwu\Documents\code\khkt\sketch\build/core\core.a(USBCore.cpp.o)
 .debug_abbrev  0x000049d4      0x913 c:\Users\kilkuwu\Documents\code\khkt\sketch\build/core\core.a(Uart.cpp.o)
 .debug_abbrev  0x000052e7      0x2b2 c:\Users\kilkuwu\Documents\code\khkt\sketch\build/core\core.a(PluggableUSB.cpp.o)
 .debug_abbrev  0x00005599      0x709 c:\Users\kilkuwu\Documents\code\khkt\sketch\build/core\core.a(Print.cpp.o)
 .debug_abbrev  0x00005ca2      0x750 c:\Users\kilkuwu\Documents\code\khkt\sketch\build/core\core.a(String.cpp.o)
 .debug_abbrev  0x000063f2      0x5dd c:\Users\kilkuwu\Documents\code\khkt\sketch\build/core\core.a(main.cpp.o)
 .debug_abbrev  0x000069cf      0x301 c:\Users\kilkuwu\Documents\code\khkt\sketch\build/core\core.a(new.cpp.o)

.debug_loc      0x00000000     0x94d9
 .debug_loc     0x00000000      0x157 c:\Users\kilkuwu\Documents\code\khkt\sketch\build\sketch\gps.ino.cpp.o
 .debug_loc     0x00000157       0x2a c:\Users\kilkuwu\Documents\code\khkt\sketch\build\core\variant.cpp.o
 .debug_loc     0x00000181       0x3c c:\Users\kilkuwu\Documents\code\khkt\sketch\build/core\core.a(cortex_handlers.c.o)
 .debug_loc     0x000001bd      0x12f c:\Users\kilkuwu\Documents\code\khkt\sketch\build/core\core.a(delay.c.o)
 .debug_loc     0x000002ec       0x2e c:\Users\kilkuwu\Documents\code\khkt\sketch\build/core\core.a(startup.c.o)
 .debug_loc     0x0000031a       0xa0 c:\Users\kilkuwu\Documents\code\khkt\sketch\build/core\core.a(wiring.c.o)
 .debug_loc     0x000003ba      0x4b9 c:\Users\kilkuwu\Documents\code\khkt\sketch\build/core\core.a(wiring_analog.c.o)
 .debug_loc     0x00000873       0xc0 c:\Users\kilkuwu\Documents\code\khkt\sketch\build/core\core.a(wiring_digital.c.o)
 .debug_loc     0x00000933      0x131 c:\Users\kilkuwu\Documents\code\khkt\sketch\build/core\core.a(wiring_private.c.o)
 .debug_loc     0x00000a64       0x2d c:\Users\kilkuwu\Documents\code\khkt\sketch\build/core\core.a(Reset.cpp.o)
 .debug_loc     0x00000a91      0xb3f c:\Users\kilkuwu\Documents\code\khkt\sketch\build/core\core.a(SERCOM.cpp.o)
 .debug_loc     0x000015d0      0x81c c:\Users\kilkuwu\Documents\code\khkt\sketch\build/core\core.a(CDC.cpp.o)
 .debug_loc     0x00001dec     0x27b1 c:\Users\kilkuwu\Documents\code\khkt\sketch\build/core\core.a(USBCore.cpp.o)
 .debug_loc     0x0000459d      0xb0f c:\Users\kilkuwu\Documents\code\khkt\sketch\build/core\core.a(Uart.cpp.o)
 .debug_loc     0x000050ac      0x256 c:\Users\kilkuwu\Documents\code\khkt\sketch\build/core\core.a(PluggableUSB.cpp.o)
 .debug_loc     0x00005302     0x1a81 c:\Users\kilkuwu\Documents\code\khkt\sketch\build/core\core.a(Print.cpp.o)
 .debug_loc     0x00006d83     0x2714 c:\Users\kilkuwu\Documents\code\khkt\sketch\build/core\core.a(String.cpp.o)
 .debug_loc     0x00009497       0x42 c:\Users\kilkuwu\Documents\code\khkt\sketch\build/core\core.a(new.cpp.o)

.debug_aranges  0x00000000      0xc10
 .debug_aranges
                0x00000000       0x38 c:\Users\kilkuwu\Documents\code\khkt\sketch\build\sketch\gps.ino.cpp.o
 .debug_aranges
                0x00000038       0x38 c:\Users\kilkuwu\Documents\code\khkt\sketch\build\core\variant.cpp.o
 .debug_aranges
                0x00000070       0x40 c:\Users\kilkuwu\Documents\code\khkt\sketch\build/core\core.a(cortex_handlers.c.o)
 .debug_aranges
                0x000000b0       0x48 c:\Users\kilkuwu\Documents\code\khkt\sketch\build/core\core.a(delay.c.o)
 .debug_aranges
                0x000000f8       0x30 c:\Users\kilkuwu\Documents\code\khkt\sketch\build/core\core.a(hooks.c.o)
 .debug_aranges
                0x00000128       0x20 c:\Users\kilkuwu\Documents\code\khkt\sketch\build/core\core.a(startup.c.o)
 .debug_aranges
                0x00000148       0x20 c:\Users\kilkuwu\Documents\code\khkt\sketch\build/core\core.a(wiring.c.o)
 .debug_aranges
                0x00000168       0x48 c:\Users\kilkuwu\Documents\code\khkt\sketch\build/core\core.a(wiring_analog.c.o)
 .debug_aranges
                0x000001b0       0x30 c:\Users\kilkuwu\Documents\code\khkt\sketch\build/core\core.a(wiring_digital.c.o)
 .debug_aranges
                0x000001e0       0x20 c:\Users\kilkuwu\Documents\code\khkt\sketch\build/core\core.a(wiring_private.c.o)
 .debug_aranges
                0x00000200       0x38 c:\Users\kilkuwu\Documents\code\khkt\sketch\build/core\core.a(Reset.cpp.o)
 .debug_aranges
                0x00000238      0x1f0 c:\Users\kilkuwu\Documents\code\khkt\sketch\build/core\core.a(SERCOM.cpp.o)
 .debug_aranges
                0x00000428      0x120 c:\Users\kilkuwu\Documents\code\khkt\sketch\build/core\core.a(CDC.cpp.o)
 .debug_aranges
                0x00000548      0x190 c:\Users\kilkuwu\Documents\code\khkt\sketch\build/core\core.a(USBCore.cpp.o)
 .debug_aranges
                0x000006d8       0xb8 c:\Users\kilkuwu\Documents\code\khkt\sketch\build/core\core.a(Uart.cpp.o)
 .debug_aranges
                0x00000790       0x48 c:\Users\kilkuwu\Documents\code\khkt\sketch\build/core\core.a(PluggableUSB.cpp.o)
 .debug_aranges
                0x000007d8      0x130 c:\Users\kilkuwu\Documents\code\khkt\sketch\build/core\core.a(Print.cpp.o)
 .debug_aranges
                0x00000908      0x2b8 c:\Users\kilkuwu\Documents\code\khkt\sketch\build/core\core.a(String.cpp.o)
 .debug_aranges
                0x00000bc0       0x28 c:\Users\kilkuwu\Documents\code\khkt\sketch\build/core\core.a(main.cpp.o)
 .debug_aranges
                0x00000be8       0x28 c:\Users\kilkuwu\Documents\code\khkt\sketch\build/core\core.a(new.cpp.o)

.debug_ranges   0x00000000     0x18c8
 .debug_ranges  0x00000000       0x48 c:\Users\kilkuwu\Documents\code\khkt\sketch\build\sketch\gps.ino.cpp.o
 .debug_ranges  0x00000048       0x28 c:\Users\kilkuwu\Documents\code\khkt\sketch\build\core\variant.cpp.o
 .debug_ranges  0x00000070       0x30 c:\Users\kilkuwu\Documents\code\khkt\sketch\build/core\core.a(cortex_handlers.c.o)
 .debug_ranges  0x000000a0       0x38 c:\Users\kilkuwu\Documents\code\khkt\sketch\build/core\core.a(delay.c.o)
 .debug_ranges  0x000000d8       0x20 c:\Users\kilkuwu\Documents\code\khkt\sketch\build/core\core.a(hooks.c.o)
 .debug_ranges  0x000000f8       0x10 c:\Users\kilkuwu\Documents\code\khkt\sketch\build/core\core.a(startup.c.o)
 .debug_ranges  0x00000108       0x28 c:\Users\kilkuwu\Documents\code\khkt\sketch\build/core\core.a(wiring.c.o)
 .debug_ranges  0x00000130       0x98 c:\Users\kilkuwu\Documents\code\khkt\sketch\build/core\core.a(wiring_analog.c.o)
 .debug_ranges  0x000001c8       0x20 c:\Users\kilkuwu\Documents\code\khkt\sketch\build/core\core.a(wiring_digital.c.o)
 .debug_ranges  0x000001e8       0x38 c:\Users\kilkuwu\Documents\code\khkt\sketch\build/core\core.a(wiring_private.c.o)
 .debug_ranges  0x00000220       0x40 c:\Users\kilkuwu\Documents\code\khkt\sketch\build/core\core.a(Reset.cpp.o)
 .debug_ranges  0x00000260      0x2a0 c:\Users\kilkuwu\Documents\code\khkt\sketch\build/core\core.a(SERCOM.cpp.o)
 .debug_ranges  0x00000500      0x1b0 c:\Users\kilkuwu\Documents\code\khkt\sketch\build/core\core.a(CDC.cpp.o)
 .debug_ranges  0x000006b0      0x8b0 c:\Users\kilkuwu\Documents\code\khkt\sketch\build/core\core.a(USBCore.cpp.o)
 .debug_ranges  0x00000f60      0x238 c:\Users\kilkuwu\Documents\code\khkt\sketch\build/core\core.a(Uart.cpp.o)
 .debug_ranges  0x00001198       0x68 c:\Users\kilkuwu\Documents\code\khkt\sketch\build/core\core.a(PluggableUSB.cpp.o)
 .debug_ranges  0x00001200      0x198 c:\Users\kilkuwu\Documents\code\khkt\sketch\build/core\core.a(Print.cpp.o)
 .debug_ranges  0x00001398      0x500 c:\Users\kilkuwu\Documents\code\khkt\sketch\build/core\core.a(String.cpp.o)
 .debug_ranges  0x00001898       0x18 c:\Users\kilkuwu\Documents\code\khkt\sketch\build/core\core.a(main.cpp.o)
 .debug_ranges  0x000018b0       0x18 c:\Users\kilkuwu\Documents\code\khkt\sketch\build/core\core.a(new.cpp.o)

.debug_line     0x00000000     0x9e04
 .debug_line    0x00000000      0x7ed c:\Users\kilkuwu\Documents\code\khkt\sketch\build\sketch\gps.ino.cpp.o
 .debug_line    0x000007ed      0x6b5 c:\Users\kilkuwu\Documents\code\khkt\sketch\build\core\variant.cpp.o
 .debug_line    0x00000ea2      0x3e2 c:\Users\kilkuwu\Documents\code\khkt\sketch\build/core\core.a(cortex_handlers.c.o)
 .debug_line    0x00001284      0x66e c:\Users\kilkuwu\Documents\code\khkt\sketch\build/core\core.a(delay.c.o)
 .debug_line    0x000018f2       0xb4 c:\Users\kilkuwu\Documents\code\khkt\sketch\build/core\core.a(hooks.c.o)
 .debug_line    0x000019a6      0x4c2 c:\Users\kilkuwu\Documents\code\khkt\sketch\build/core\core.a(startup.c.o)
 .debug_line    0x00001e68      0x65c c:\Users\kilkuwu\Documents\code\khkt\sketch\build/core\core.a(wiring.c.o)
 .debug_line    0x000024c4      0x768 c:\Users\kilkuwu\Documents\code\khkt\sketch\build/core\core.a(wiring_analog.c.o)
 .debug_line    0x00002c2c      0x5bf c:\Users\kilkuwu\Documents\code\khkt\sketch\build/core\core.a(wiring_digital.c.o)
 .debug_line    0x000031eb      0x5a7 c:\Users\kilkuwu\Documents\code\khkt\sketch\build/core\core.a(wiring_private.c.o)
 .debug_line    0x00003792      0x855 c:\Users\kilkuwu\Documents\code\khkt\sketch\build/core\core.a(Reset.cpp.o)
 .debug_line    0x00003fe7      0xdb1 c:\Users\kilkuwu\Documents\code\khkt\sketch\build/core\core.a(SERCOM.cpp.o)
 .debug_line    0x00004d98      0xb92 c:\Users\kilkuwu\Documents\code\khkt\sketch\build/core\core.a(CDC.cpp.o)
 .debug_line    0x0000592a     0x13cc c:\Users\kilkuwu\Documents\code\khkt\sketch\build/core\core.a(USBCore.cpp.o)
 .debug_line    0x00006cf6      0xb91 c:\Users\kilkuwu\Documents\code\khkt\sketch\build/core\core.a(Uart.cpp.o)
 .debug_line    0x00007887      0x2be c:\Users\kilkuwu\Documents\code\khkt\sketch\build/core\core.a(PluggableUSB.cpp.o)
 .debug_line    0x00007b45      0x86f c:\Users\kilkuwu\Documents\code\khkt\sketch\build/core\core.a(Print.cpp.o)
 .debug_line    0x000083b4      0xf43 c:\Users\kilkuwu\Documents\code\khkt\sketch\build/core\core.a(String.cpp.o)
 .debug_line    0x000092f7      0x77f c:\Users\kilkuwu\Documents\code\khkt\sketch\build/core\core.a(main.cpp.o)
 .debug_line    0x00009a76      0x38e c:\Users\kilkuwu\Documents\code\khkt\sketch\build/core\core.a(new.cpp.o)

.debug_str      0x00000000     0xae46
 .debug_str     0x00000000     0x4121 c:\Users\kilkuwu\Documents\code\khkt\sketch\build\sketch\gps.ino.cpp.o
                               0x49e2 (size before relaxing)
 .debug_str     0x00004121      0x972 c:\Users\kilkuwu\Documents\code\khkt\sketch\build\core\variant.cpp.o
                               0x492c (size before relaxing)
 .debug_str     0x00004a93      0x4c3 c:\Users\kilkuwu\Documents\code\khkt\sketch\build/core\core.a(cortex_handlers.c.o)
                                0xf85 (size before relaxing)
 .debug_str     0x00004f56      0x10f c:\Users\kilkuwu\Documents\code\khkt\sketch\build/core\core.a(delay.c.o)
                                0xeb0 (size before relaxing)
 .debug_str     0x00005065       0x7c c:\Users\kilkuwu\Documents\code\khkt\sketch\build/core\core.a(hooks.c.o)
                                0x160 (size before relaxing)
 .debug_str     0x000050e1      0x866 c:\Users\kilkuwu\Documents\code\khkt\sketch\build/core\core.a(startup.c.o)
                               0x16c2 (size before relaxing)
 .debug_str     0x00005947      0x373 c:\Users\kilkuwu\Documents\code\khkt\sketch\build/core\core.a(wiring.c.o)
                               0x178d (size before relaxing)
 .debug_str     0x00005cba      0x18a c:\Users\kilkuwu\Documents\code\khkt\sketch\build/core\core.a(wiring_analog.c.o)
                               0x1c0c (size before relaxing)
 .debug_str     0x00005e44      0x114 c:\Users\kilkuwu\Documents\code\khkt\sketch\build/core\core.a(wiring_digital.c.o)
                                0xfee (size before relaxing)
 .debug_str     0x00005f58       0x80 c:\Users\kilkuwu\Documents\code\khkt\sketch\build/core\core.a(wiring_private.c.o)
                                0xfa3 (size before relaxing)
 .debug_str     0x00005fd8      0x1bb c:\Users\kilkuwu\Documents\code\khkt\sketch\build/core\core.a(Reset.cpp.o)
                               0x4a5a (size before relaxing)
 .debug_str     0x00006193      0x251 c:\Users\kilkuwu\Documents\code\khkt\sketch\build/core\core.a(SERCOM.cpp.o)
                               0x4c75 (size before relaxing)
 .debug_str     0x000063e4     0x2e37 c:\Users\kilkuwu\Documents\code\khkt\sketch\build/core\core.a(CDC.cpp.o)
                               0x7a9a (size before relaxing)
 .debug_str     0x0000921b      0x9c1 c:\Users\kilkuwu\Documents\code\khkt\sketch\build/core\core.a(USBCore.cpp.o)
                               0x8363 (size before relaxing)
 .debug_str     0x00009bdc      0x5c3 c:\Users\kilkuwu\Documents\code\khkt\sketch\build/core\core.a(Uart.cpp.o)
                               0x56e8 (size before relaxing)
 .debug_str     0x0000a19f       0x82 c:\Users\kilkuwu\Documents\code\khkt\sketch\build/core\core.a(PluggableUSB.cpp.o)
                                0x63c (size before relaxing)
 .debug_str     0x0000a221      0x52b c:\Users\kilkuwu\Documents\code\khkt\sketch\build/core\core.a(Print.cpp.o)
                               0x1dd8 (size before relaxing)
 .debug_str     0x0000a74c      0x5b4 c:\Users\kilkuwu\Documents\code\khkt\sketch\build/core\core.a(String.cpp.o)
                               0x1baf (size before relaxing)
 .debug_str     0x0000ad00       0xb1 c:\Users\kilkuwu\Documents\code\khkt\sketch\build/core\core.a(main.cpp.o)
                               0x47ff (size before relaxing)
 .debug_str     0x0000adb1       0x95 c:\Users\kilkuwu\Documents\code\khkt\sketch\build/core\core.a(new.cpp.o)
                                0x7b1 (size before relaxing)

.debug_frame    0x00000000     0x2270
 .debug_frame   0x00000000       0x8c c:\Users\kilkuwu\Documents\code\khkt\sketch\build\sketch\gps.ino.cpp.o
 .debug_frame   0x0000008c       0x74 c:\Users\kilkuwu\Documents\code\khkt\sketch\build\core\variant.cpp.o
 .debug_frame   0x00000100       0x7c c:\Users\kilkuwu\Documents\code\khkt\sketch\build/core\core.a(cortex_handlers.c.o)
 .debug_frame   0x0000017c       0xa0 c:\Users\kilkuwu\Documents\code\khkt\sketch\build/core\core.a(delay.c.o)
 .debug_frame   0x0000021c       0x40 c:\Users\kilkuwu\Documents\code\khkt\sketch\build/core\core.a(hooks.c.o)
 .debug_frame   0x0000025c       0x2c c:\Users\kilkuwu\Documents\code\khkt\sketch\build/core\core.a(startup.c.o)
 .debug_frame   0x00000288       0x28 c:\Users\kilkuwu\Documents\code\khkt\sketch\build/core\core.a(wiring.c.o)
 .debug_frame   0x000002b0       0x90 c:\Users\kilkuwu\Documents\code\khkt\sketch\build/core\core.a(wiring_analog.c.o)
 .debug_frame   0x00000340       0x64 c:\Users\kilkuwu\Documents\code\khkt\sketch\build/core\core.a(wiring_digital.c.o)
 .debug_frame   0x000003a4       0x30 c:\Users\kilkuwu\Documents\code\khkt\sketch\build/core\core.a(wiring_private.c.o)
 .debug_frame   0x000003d4       0x60 c:\Users\kilkuwu\Documents\code\khkt\sketch\build/core\core.a(Reset.cpp.o)
 .debug_frame   0x00000434      0x478 c:\Users\kilkuwu\Documents\code\khkt\sketch\build/core\core.a(SERCOM.cpp.o)
 .debug_frame   0x000008ac      0x2dc c:\Users\kilkuwu\Documents\code\khkt\sketch\build/core\core.a(CDC.cpp.o)
 .debug_frame   0x00000b88      0x4b0 c:\Users\kilkuwu\Documents\code\khkt\sketch\build/core\core.a(USBCore.cpp.o)
 .debug_frame   0x00001038      0x1e4 c:\Users\kilkuwu\Documents\code\khkt\sketch\build/core\core.a(Uart.cpp.o)
 .debug_frame   0x0000121c       0xbc c:\Users\kilkuwu\Documents\code\khkt\sketch\build/core\core.a(PluggableUSB.cpp.o)
 .debug_frame   0x000012d8      0x3cc c:\Users\kilkuwu\Documents\code\khkt\sketch\build/core\core.a(Print.cpp.o)
 .debug_frame   0x000016a4      0x894 c:\Users\kilkuwu\Documents\code\khkt\sketch\build/core\core.a(String.cpp.o)
 .debug_frame   0x00001f38       0x38 c:\Users\kilkuwu\Documents\code\khkt\sketch\build/core\core.a(main.cpp.o)
 .debug_frame   0x00001f70       0x70 c:\Users\kilkuwu\Documents\code\khkt\sketch\build/core\core.a(new.cpp.o)
 .debug_frame   0x00001fe0       0x20 c:/users/kilkuwu/appdata/local/arduino15/packages/arduino/tools/arm-none-eabi-gcc/7-2017q4/bin/../lib/gcc/arm-none-eabi/7.2.1/thumb/v6-m\libgcc.a(_udivsi3.o)
 .debug_frame   0x00002000       0x2c c:/users/kilkuwu/appdata/local/arduino15/packages/arduino/tools/arm-none-eabi-gcc/7-2017q4/bin/../lib/gcc/arm-none-eabi/7.2.1/../../../../arm-none-eabi/lib/thumb/v6-m\libc_nano.a(lib_a-init.o)
 .debug_frame   0x0000202c       0x40 c:/users/kilkuwu/appdata/local/arduino15/packages/arduino/tools/arm-none-eabi-gcc/7-2017q4/bin/../lib/gcc/arm-none-eabi/7.2.1/../../../../arm-none-eabi/lib/thumb/v6-m\libc_nano.a(lib_a-malloc.o)
 .debug_frame   0x0000206c       0x28 c:/users/kilkuwu/appdata/local/arduino15/packages/arduino/tools/arm-none-eabi-gcc/7-2017q4/bin/../lib/gcc/arm-none-eabi/7.2.1/../../../../arm-none-eabi/lib/thumb/v6-m\libc_nano.a(lib_a-memcpy-stub.o)